Archive member included to satisfy reference by file (symbol)

c:/ac6/systemworkbench/plugins/fr.ac6.mcu.externaltools.arm-none.win32_1.16.0.201807130628/tools/compiler/bin/../lib/gcc/arm-none-eabi/7.2.1/thumb/v7e-m/fpv4-sp/hard\libgcc.a(_arm_addsubdf3.o)
                              inc/tm_stm32f4_pwm.o (__aeabi_ui2d)
c:/ac6/systemworkbench/plugins/fr.ac6.mcu.externaltools.arm-none.win32_1.16.0.201807130628/tools/compiler/bin/../lib/gcc/arm-none-eabi/7.2.1/thumb/v7e-m/fpv4-sp/hard\libgcc.a(_arm_muldivdf3.o)
                              src/FCB_PressureSensor.o (__aeabi_dmul)
c:/ac6/systemworkbench/plugins/fr.ac6.mcu.externaltools.arm-none.win32_1.16.0.201807130628/tools/compiler/bin/../lib/gcc/arm-none-eabi/7.2.1/thumb/v7e-m/fpv4-sp/hard\libgcc.a(_arm_cmpdf2.o)
                              inc/tm_stm32f4_pwm.o (__aeabi_dcmpeq)
c:/ac6/systemworkbench/plugins/fr.ac6.mcu.externaltools.arm-none.win32_1.16.0.201807130628/tools/compiler/bin/../lib/gcc/arm-none-eabi/7.2.1/thumb/v7e-m/fpv4-sp/hard\libgcc.a(_arm_fixunsdfsi.o)
                              inc/tm_stm32f4_pwm.o (__aeabi_d2uiz)
c:/ac6/systemworkbench/plugins/fr.ac6.mcu.externaltools.arm-none.win32_1.16.0.201807130628/tools/compiler/bin/../lib/gcc/arm-none-eabi/7.2.1/thumb/v7e-m/fpv4-sp/hard\libgcc.a(_arm_truncdfsf2.o)
                              src/FCB_PressureSensor.o (__aeabi_d2f)
c:/ac6/systemworkbench/plugins/fr.ac6.mcu.externaltools.arm-none.win32_1.16.0.201807130628/tools/compiler/bin/../lib/gcc/arm-none-eabi/7.2.1/../../../../arm-none-eabi/lib/thumb/v7e-m/fpv4-sp/hard\libc.a(lib_a-errno.o)
                              src/syscalls.o (__errno)
c:/ac6/systemworkbench/plugins/fr.ac6.mcu.externaltools.arm-none.win32_1.16.0.201807130628/tools/compiler/bin/../lib/gcc/arm-none-eabi/7.2.1/../../../../arm-none-eabi/lib/thumb/v7e-m/fpv4-sp/hard\libc.a(lib_a-exit.o)
                              c:/ac6/systemworkbench/plugins/fr.ac6.mcu.externaltools.arm-none.win32_1.16.0.201807130628/tools/compiler/bin/../lib/gcc/arm-none-eabi/7.2.1/../../../../arm-none-eabi/lib/thumb/v7e-m/fpv4-sp/hard/crt0.o (exit)
c:/ac6/systemworkbench/plugins/fr.ac6.mcu.externaltools.arm-none.win32_1.16.0.201807130628/tools/compiler/bin/../lib/gcc/arm-none-eabi/7.2.1/../../../../arm-none-eabi/lib/thumb/v7e-m/fpv4-sp/hard\libc.a(lib_a-impure.o)
                              c:/ac6/systemworkbench/plugins/fr.ac6.mcu.externaltools.arm-none.win32_1.16.0.201807130628/tools/compiler/bin/../lib/gcc/arm-none-eabi/7.2.1/../../../../arm-none-eabi/lib/thumb/v7e-m/fpv4-sp/hard\libc.a(lib_a-exit.o) (_global_impure_ptr)
c:/ac6/systemworkbench/plugins/fr.ac6.mcu.externaltools.arm-none.win32_1.16.0.201807130628/tools/compiler/bin/../lib/gcc/arm-none-eabi/7.2.1/../../../../arm-none-eabi/lib/thumb/v7e-m/fpv4-sp/hard\libc.a(lib_a-init.o)
                              c:/ac6/systemworkbench/plugins/fr.ac6.mcu.externaltools.arm-none.win32_1.16.0.201807130628/tools/compiler/bin/../lib/gcc/arm-none-eabi/7.2.1/../../../../arm-none-eabi/lib/thumb/v7e-m/fpv4-sp/hard/crt0.o (__libc_init_array)
c:/ac6/systemworkbench/plugins/fr.ac6.mcu.externaltools.arm-none.win32_1.16.0.201807130628/tools/compiler/bin/../lib/gcc/arm-none-eabi/7.2.1/../../../../arm-none-eabi/lib/thumb/v7e-m/fpv4-sp/hard\libc.a(lib_a-malloc.o)
                              inc/tm_stm32f4_delay.o (malloc)
c:/ac6/systemworkbench/plugins/fr.ac6.mcu.externaltools.arm-none.win32_1.16.0.201807130628/tools/compiler/bin/../lib/gcc/arm-none-eabi/7.2.1/../../../../arm-none-eabi/lib/thumb/v7e-m/fpv4-sp/hard\libc.a(lib_a-mallocr.o)
                              c:/ac6/systemworkbench/plugins/fr.ac6.mcu.externaltools.arm-none.win32_1.16.0.201807130628/tools/compiler/bin/../lib/gcc/arm-none-eabi/7.2.1/../../../../arm-none-eabi/lib/thumb/v7e-m/fpv4-sp/hard\libc.a(lib_a-malloc.o) (_malloc_r)
c:/ac6/systemworkbench/plugins/fr.ac6.mcu.externaltools.arm-none.win32_1.16.0.201807130628/tools/compiler/bin/../lib/gcc/arm-none-eabi/7.2.1/../../../../arm-none-eabi/lib/thumb/v7e-m/fpv4-sp/hard\libc.a(lib_a-memset.o)
                              c:/ac6/systemworkbench/plugins/fr.ac6.mcu.externaltools.arm-none.win32_1.16.0.201807130628/tools/compiler/bin/../lib/gcc/arm-none-eabi/7.2.1/../../../../arm-none-eabi/lib/thumb/v7e-m/fpv4-sp/hard/crt0.o (memset)
c:/ac6/systemworkbench/plugins/fr.ac6.mcu.externaltools.arm-none.win32_1.16.0.201807130628/tools/compiler/bin/../lib/gcc/arm-none-eabi/7.2.1/../../../../arm-none-eabi/lib/thumb/v7e-m/fpv4-sp/hard\libc.a(lib_a-mlock.o)
                              c:/ac6/systemworkbench/plugins/fr.ac6.mcu.externaltools.arm-none.win32_1.16.0.201807130628/tools/compiler/bin/../lib/gcc/arm-none-eabi/7.2.1/../../../../arm-none-eabi/lib/thumb/v7e-m/fpv4-sp/hard\libc.a(lib_a-mallocr.o) (__malloc_lock)
c:/ac6/systemworkbench/plugins/fr.ac6.mcu.externaltools.arm-none.win32_1.16.0.201807130628/tools/compiler/bin/../lib/gcc/arm-none-eabi/7.2.1/../../../../arm-none-eabi/lib/thumb/v7e-m/fpv4-sp/hard\libc.a(lib_a-sbrkr.o)
[...]
Memory Configuration

Name             Origin             Length             Attributes
RAM              0x20000000         0x00020000         xrw
ROM              0x08000000         0x00080000         xr
*default*        0x00000000         0xffffffff

Linker script and memory map

LOAD c:/ac6/systemworkbench/plugins/fr.ac6.mcu.externaltools.arm-none.win32_1.16.0.201807130628/tools/compiler/bin/../lib/gcc/arm-none-eabi/7.2.1/thumb/v7e-m/fpv4-sp/hard/crti.o
LOAD c:/ac6/systemworkbench/plugins/fr.ac6.mcu.externaltools.arm-none.win32_1.16.0.201807130628/tools/compiler/bin/../lib/gcc/arm-none-eabi/7.2.1/thumb/v7e-m/fpv4-sp/hard/crtbegin.o
LOAD c:/ac6/systemworkbench/plugins/fr.ac6.mcu.externaltools.arm-none.win32_1.16.0.201807130628/tools/compiler/bin/../lib/gcc/arm-none-eabi/7.2.1/../../../../arm-none-eabi/lib/thumb/v7e-m/fpv4-sp/hard/crt0.o
LOAD StdPeriph_Driver/src/misc.o
LOAD StdPeriph_Driver/src/stm32f4xx_adc.o
LOAD StdPeriph_Driver/src/stm32f4xx_can.o
LOAD StdPeriph_Driver/src/stm32f4xx_cec.o
LOAD StdPeriph_Driver/src/stm32f4xx_crc.o
LOAD StdPeriph_Driver/src/stm32f4xx_cryp.o
LOAD StdPeriph_Driver/src/stm32f4xx_cryp_aes.o
LOAD StdPeriph_Driver/src/stm32f4xx_cryp_des.o
LOAD StdPeriph_Driver/src/stm32f4xx_cryp_tdes.o
LOAD StdPeriph_Driver/src/stm32f4xx_dac.o
LOAD StdPeriph_Driver/src/stm32f4xx_dbgmcu.o
LOAD StdPeriph_Driver/src/stm32f4xx_dcmi.o
LOAD StdPeriph_Driver/src/stm32f4xx_dfsdm.o
LOAD StdPeriph_Driver/src/stm32f4xx_dma.o
LOAD StdPeriph_Driver/src/stm32f4xx_dma2d.o
LOAD StdPeriph_Driver/src/stm32f4xx_dsi.o
LOAD StdPeriph_Driver/src/stm32f4xx_exti.o
LOAD StdPeriph_Driver/src/stm32f4xx_flash.o
LOAD StdPeriph_Driver/src/stm32f4xx_flash_ramfunc.o
LOAD StdPeriph_Driver/src/stm32f4xx_fmc.o
LOAD StdPeriph_Driver/src/stm32f4xx_fmip2c.o
LOAD StdPeriph_Driver/src/stm32f4xx_fsmc.o
LOAD StdPeriph_Driver/src/stm32f4xx_gpio.o
LOAD StdPeriph_Driver/src/stm32f4xx_hash.o
LOAD StdPeriph_Driver/src/stm32f4xx_hash_md5.o
LOAD StdPeriph_Driver/src/stm32f4xx_hash_sha1.o
LOAD StdPeriph_Driver/src/stm32f4xx_i2c.o
LOAD StdPeriph_Driver/src/stm32f4xx_iwdg.o
LOAD StdPeriph_Driver/src/stm32f4xx_lptim.o
LOAD StdPeriph_Driver/src/stm32f4xx_ltdc.o
LOAD StdPeriph_Driver/src/stm32f4xx_pwr.o
LOAD StdPeriph_Driver/src/stm32f4xx_qspi.o
LOAD StdPeriph_Driver/src/stm32f4xx_rcc.o
LOAD StdPeriph_Driver/src/stm32f4xx_rng.o
LOAD StdPeriph_Driver/src/stm32f4xx_rtc.o
LOAD StdPeriph_Driver/src/stm32f4xx_sai.o
LOAD StdPeriph_Driver/src/stm32f4xx_sdio.o
LOAD StdPeriph_Driver/src/stm32f4xx_spdifrx.o
LOAD StdPeriph_Driver/src/stm32f4xx_spi.o
LOAD StdPeriph_Driver/src/stm32f4xx_syscfg.o
LOAD StdPeriph_Driver/src/stm32f4xx_tim.o
LOAD StdPeriph_Driver/src/stm32f4xx_usart.o
LOAD StdPeriph_Driver/src/stm32f4xx_wwdg.o
LOAD inc/tm_stm32f4_adc.o
LOAD inc/tm_stm32f4_delay.o
LOAD inc/tm_stm32f4_ds18b20.o
LOAD inc/tm_stm32f4_gpio.o
LOAD inc/tm_stm32f4_hcsr04.o
LOAD inc/tm_stm32f4_onewire.o
LOAD inc/tm_stm32f4_pwm.o
LOAD inc/tm_stm32f4_timer_properties.o
LOAD src/FCB_GPIO_Init.o
LOAD src/FCB_GPIO_Pins.o
LOAD src/FCB_PWM.o
LOAD src/FCB_PressureSensor.o
LOAD src/FCB_SonarSensor.o
LOAD src/FCB_TempSensor.o
LOAD src/FCB_Tests_RealTime.o
LOAD src/main.o
LOAD src/syscalls.o
LOAD src/system_stm32f4xx.o
LOAD startup/startup_stm32.o
LOAD c:/ac6/systemworkbench/plugins/fr.ac6.mcu.externaltools.arm-none.win32_1.16.0.201807130628/tools/compiler/bin/../lib/gcc/arm-none-eabi/7.2.1/../../../../arm-none-eabi/lib/thumb/v7e-m/fpv4-sp/hard\libm.a
START GROUP
LOAD c:/ac6/systemworkbench/plugins/fr.ac6.mcu.externaltools.arm-none.win32_1.16.0.201807130628/tools/compiler/bin/../lib/gcc/arm-none-eabi/7.2.1/thumb/v7e-m/fpv4-sp/hard\libgcc.a
LOAD c:/ac6/systemworkbench/plugins/fr.ac6.mcu.externaltools.arm-none.win32_1.16.0.201807130628/tools/compiler/bin/../lib/gcc/arm-none-eabi/7.2.1/../../../../arm-none-eabi/lib/thumb/v7e-m/fpv4-sp/hard\libc.a
END GROUP
LOAD c:/ac6/systemworkbench/plugins/fr.ac6.mcu.externaltools.arm-none.win32_1.16.0.201807130628/tools/compiler/bin/../lib/gcc/arm-none-eabi/7.2.1/thumb/v7e-m/fpv4-sp/hard/crtend.o
LOAD c:/ac6/systemworkbench/plugins/fr.ac6.mcu.externaltools.arm-none.win32_1.16.0.201807130628/tools/compiler/bin/../lib/gcc/arm-none-eabi/7.2.1/thumb/v7e-m/fpv4-sp/hard/crtn.o
                0x20020000                _estack = 0x20020000
                0x00000000                _Min_Heap_Size = 0x0
                0x00000400                _Min_Stack_Size = 0x400

.isr_vector     0x08000000      0x194
                0x08000000                . = ALIGN (0x4)
 *(.isr_vector)
 .isr_vector    0x08000000      0x194 startup/startup_stm32.o
                0x08000000                g_pfnVectors
                0x08000194                . = ALIGN (0x4)

.text           0x08000198     0x6038
                0x08000198                . = ALIGN (0x4)
 *(.text)
 .text          0x08000198       0x40 c:/ac6/systemworkbench/plugins/fr.ac6.mcu.externaltools.arm-none.win32_1.16.0.201807130628/tools/compiler/bin/../lib/gcc/arm-none-eabi/7.2.1/thumb/v7e-m/fpv4-sp/hard/crtbegin.o
 .text          0x080001d8      0x378 c:/ac6/systemworkbench/plugins/fr.ac6.mcu.externaltools.arm-none.win32_1.16.0.201807130628/tools/compiler/bin/../lib/gcc/arm-none-eabi/7.2.1/thumb/v7e-m/fpv4-sp/hard\libgcc.a(_arm_addsubdf3.o)
                0x080001d8                __aeabi_drsub
                0x080001e0                __aeabi_dsub
                0x080001e0                __subdf3
                0x080001e4                __aeabi_dadd
                0x080001e4                __adddf3
                0x0800045c                __floatunsidf
                0x0800045c                __aeabi_ui2d
                0x0800047c                __floatsidf
                0x0800047c                __aeabi_i2d
                0x080004a0                __aeabi_f2d
                0x080004a0                __extendsfdf2
                0x080004e4                __floatundidf
                0x080004e4                __aeabi_ul2d
                0x080004f4                __floatdidf
                0x080004f4                __aeabi_l2d
 .text          0x08000550      0x424 c:/ac6/systemworkbench/plugins/fr.ac6.mcu.externaltools.arm-none.win32_1.16.0.201807130628/tools/compiler/bin/../lib/gcc/arm-none-eabi/7.2.1/thumb/v7e-m/fpv4-sp/hard\libgcc.a(_arm_muldivdf3.o)
                0x08000550                __aeabi_dmul
                0x08000550                __muldf3
                0x080007a4                __divdf3
                0x080007a4                __aeabi_ddiv
 .text          0x08000974      0x110 c:/ac6/systemworkbench/plugins/fr.ac6.mcu.externaltools.arm-none.win32_1.16.0.201807130628/tools/compiler/bin/../lib/gcc/arm-none-eabi/7.2.1/thumb/v7e-m/fpv4-sp/hard\libgcc.a(_arm_cmpdf2.o)
                0x08000974                __gtdf2
                0x08000974                __gedf2
                0x0800097c                __ltdf2
                0x0800097c                __ledf2
                0x08000984                __nedf2
                0x08000984                __eqdf2
                0x08000984                __cmpdf2
                0x08000a00                __aeabi_cdrcmple
                0x08000a10                __aeabi_cdcmpeq
                0x08000a10                __aeabi_cdcmple
                0x08000a20                __aeabi_dcmpeq
                0x08000a34                __aeabi_dcmplt
                0x08000a48                __aeabi_dcmple
                0x08000a5c                __aeabi_dcmpge
                0x08000a70                __aeabi_dcmpgt
 .text          0x08000a84       0x40 c:/ac6/systemworkbench/plugins/fr.ac6.mcu.externaltools.arm-none.win32_1.16.0.201807130628/tools/compiler/bin/../lib/gcc/arm-none-eabi/7.2.1/thumb/v7e-m/fpv4-sp/hard\libgcc.a(_arm_fixunsdfsi.o)
                0x08000a84                __aeabi_d2uiz
                0x08000a84                __fixunsdfsi
 .text          0x08000ac4       0xa0 c:/ac6/systemworkbench/plugins/fr.ac6.mcu.externaltools.arm-none.win32_1.16.0.201807130628/tools/compiler/bin/../lib/gcc/arm-none-eabi/7.2.1/thumb/v7e-m/fpv4-sp/hard\libgcc.a(_arm_truncdfsf2.o)
                0x08000ac4                __truncdfsf2
                0x08000ac4                __aeabi_d2f
 *(.text*)
 .text.ADC_Init
                0x08000b64       0xac StdPeriph_Driver/src/stm32f4xx_adc.o
                0x08000b64                ADC_Init
 .text.ADC_CommonInit
                0x08000c10       0x50 StdPeriph_Driver/src/stm32f4xx_adc.o
                0x08000c10                ADC_CommonInit
 .text.ADC_RegularChannelConfig
                0x08000c60      0x194 StdPeriph_Driver/src/stm32f4xx_adc.o
                0x08000c60                ADC_RegularChannelConfig
 .text.GPIO_Init
                0x08000df4      0x11c StdPeriph_Driver/src/stm32f4xx_gpio.o
                0x08000df4                GPIO_Init
 .text.GPIO_ReadInputDataBit
                0x08000f10       0x34 StdPeriph_Driver/src/stm32f4xx_gpio.o
                0x08000f10                GPIO_ReadInputDataBit
 .text.GPIO_SetBits
                0x08000f44       0x1e StdPeriph_Driver/src/stm32f4xx_gpio.o
                0x08000f44                GPIO_SetBits
 .text.GPIO_ResetBits
                0x08000f62       0x1e StdPeriph_Driver/src/stm32f4xx_gpio.o
                0x08000f62                GPIO_ResetBits
 .text.GPIO_PinAFConfig
                0x08000f80       0x92 StdPeriph_Driver/src/stm32f4xx_gpio.o
                0x08000f80                GPIO_PinAFConfig
 *fill*         0x08001012        0x2 
 .text.RCC_GetClocksFreq
                0x08001014      0x150 StdPeriph_Driver/src/stm32f4xx_rcc.o
                0x08001014                RCC_GetClocksFreq
 .text.RCC_AHB1PeriphClockCmd
                0x08001164       0x40 StdPeriph_Driver/src/stm32f4xx_rcc.o
                0x08001164                RCC_AHB1PeriphClockCmd
 .text.RCC_APB1PeriphClockCmd
                0x080011a4       0x40 StdPeriph_Driver/src/stm32f4xx_rcc.o
                0x080011a4                RCC_APB1PeriphClockCmd
 .text.RCC_APB2PeriphClockCmd
                0x080011e4       0x40 StdPeriph_Driver/src/stm32f4xx_rcc.o
                0x080011e4                RCC_APB2PeriphClockCmd
 .text.TIM_TimeBaseInit
                0x08001224       0xd8 StdPeriph_Driver/src/stm32f4xx_tim.o
                0x08001224                TIM_TimeBaseInit
 .text.TIM_TimeBaseStructInit
                0x080012fc       0x34 StdPeriph_Driver/src/stm32f4xx_tim.o
                0x080012fc                TIM_TimeBaseStructInit
 .text.TIM_ARRPreloadConfig
                0x08001330       0x40 StdPeriph_Driver/src/stm32f4xx_tim.o
                0x08001330                TIM_ARRPreloadConfig
 .text.TIM_Cmd  0x08001370       0x40 StdPeriph_Driver/src/stm32f4xx_tim.o
                0x08001370                TIM_Cmd
 .text.TIM_OC1Init
                0x080013b0       0xf4 StdPeriph_Driver/src/stm32f4xx_tim.o
                0x080013b0                TIM_OC1Init
 .text.TIM_OC2Init
                0x080014a4      0x110 StdPeriph_Driver/src/stm32f4xx_tim.o
                0x080014a4                TIM_OC2Init
 .text.TIM_OC3Init
                0x080015b4      0x10c StdPeriph_Driver/src/stm32f4xx_tim.o
                0x080015b4                TIM_OC3Init
 .text.TIM_OC4Init
                0x080016c0       0xd0 StdPeriph_Driver/src/stm32f4xx_tim.o
                0x080016c0                TIM_OC4Init
 .text.TIM_SetCompare1
                0x08001790       0x1c StdPeriph_Driver/src/stm32f4xx_tim.o
                0x08001790                TIM_SetCompare1
 .text.TIM_SetCompare2
                0x080017ac       0x1c StdPeriph_Driver/src/stm32f4xx_tim.o
                0x080017ac                TIM_SetCompare2
 .text.TIM_SetCompare3
                0x080017c8       0x1c StdPeriph_Driver/src/stm32f4xx_tim.o
                0x080017c8                TIM_SetCompare3
 .text.TIM_SetCompare4
                0x080017e4       0x1c StdPeriph_Driver/src/stm32f4xx_tim.o
                0x080017e4                TIM_SetCompare4
 .text.TIM_OC1PreloadConfig
                0x08001800       0x38 StdPeriph_Driver/src/stm32f4xx_tim.o
                0x08001800                TIM_OC1PreloadConfig
 .text.TIM_OC2PreloadConfig
                0x08001838       0x3c StdPeriph_Driver/src/stm32f4xx_tim.o
                0x08001838                TIM_OC2PreloadConfig
 .text.TIM_OC3PreloadConfig
                0x08001874       0x38 StdPeriph_Driver/src/stm32f4xx_tim.o
                0x08001874                TIM_OC3PreloadConfig
 .text.TIM_OC4PreloadConfig
                0x080018ac       0x3c StdPeriph_Driver/src/stm32f4xx_tim.o
                0x080018ac                TIM_OC4PreloadConfig
 .text.TIM_CtrlPWMOutputs
                0x080018e8       0x4c StdPeriph_Driver/src/stm32f4xx_tim.o
                0x080018e8                TIM_CtrlPWMOutputs
 .text.TM_ADC_Init
                0x08001934       0xfc inc/tm_stm32f4_adc.o
                0x08001934                TM_ADC_Init
 .text.TM_ADC_InitADC
                0x08001a30       0xbc inc/tm_stm32f4_adc.o
                0x08001a30                TM_ADC_InitADC
 .text.TM_ADC_Read
                0x08001aec       0x54 inc/tm_stm32f4_adc.o
                0x08001aec                TM_ADC_Read
 .text.TM_ADC_INT_Channel_0_Init
                0x08001b40       0x1c inc/tm_stm32f4_adc.o
                0x08001b40                TM_ADC_INT_Channel_0_Init
 .text.TM_ADC_INT_Channel_1_Init
                0x08001b5c       0x1c inc/tm_stm32f4_adc.o
                0x08001b5c                TM_ADC_INT_Channel_1_Init
 .text.TM_ADC_INT_Channel_2_Init
                0x08001b78       0x1c inc/tm_stm32f4_adc.o
                0x08001b78                TM_ADC_INT_Channel_2_Init
 .text.TM_ADC_INT_Channel_3_Init
                0x08001b94       0x1c inc/tm_stm32f4_adc.o
                0x08001b94                TM_ADC_INT_Channel_3_Init
 .text.TM_ADC_INT_Channel_4_Init
                0x08001bb0       0x4c inc/tm_stm32f4_adc.o
                0x08001bb0                TM_ADC_INT_Channel_4_Init
 .text.TM_ADC_INT_Channel_5_Init
                0x08001bfc       0x4c inc/tm_stm32f4_adc.o
                0x08001bfc                TM_ADC_INT_Channel_5_Init
 .text.TM_ADC_INT_Channel_6_Init
                0x08001c48       0x50 inc/tm_stm32f4_adc.o
                0x08001c48                TM_ADC_INT_Channel_6_Init
 .text.TM_ADC_INT_Channel_7_Init
                0x08001c98       0x50 inc/tm_stm32f4_adc.o
                0x08001c98                TM_ADC_INT_Channel_7_Init
 .text.TM_ADC_INT_Channel_8_Init
                0x08001ce8       0x50 inc/tm_stm32f4_adc.o
                0x08001ce8                TM_ADC_INT_Channel_8_Init
 .text.TM_ADC_INT_Channel_9_Init
                0x08001d38       0x4c inc/tm_stm32f4_adc.o
                0x08001d38                TM_ADC_INT_Channel_9_Init
 .text.TM_ADC_INT_Channel_10_Init
                0x08001d84       0x1c inc/tm_stm32f4_adc.o
                0x08001d84                TM_ADC_INT_Channel_10_Init
 .text.TM_ADC_INT_Channel_11_Init
                0x08001da0       0x1c inc/tm_stm32f4_adc.o
                0x08001da0                TM_ADC_INT_Channel_11_Init
 .text.TM_ADC_INT_Channel_12_Init
                0x08001dbc       0x1c inc/tm_stm32f4_adc.o
                0x08001dbc                TM_ADC_INT_Channel_12_Init
 .text.TM_ADC_INT_Channel_13_Init
                0x08001dd8       0x1c inc/tm_stm32f4_adc.o
                0x08001dd8                TM_ADC_INT_Channel_13_Init
 .text.TM_ADC_INT_Channel_14_Init
                0x08001df4       0x4c inc/tm_stm32f4_adc.o
                0x08001df4                TM_ADC_INT_Channel_14_Init
 .text.TM_ADC_INT_Channel_15_Init
                0x08001e40       0x50 inc/tm_stm32f4_adc.o
                0x08001e40                TM_ADC_INT_Channel_15_Init
 .text.TM_ADC_INT_InitPin
                0x08001e90       0x28 inc/tm_stm32f4_adc.o
                0x08001e90                TM_ADC_INT_InitPin
 .text.NVIC_SetPriority
                0x08001eb8       0x54 inc/tm_stm32f4_delay.o
 .text.SysTick_Config
                0x08001f0c       0x44 inc/tm_stm32f4_delay.o
 .text.SysTick_Handler
                0x08001f50       0xf0 inc/tm_stm32f4_delay.o
                0x08001f50                SysTick_Handler
 .text.TM_DELAY_Init
                0x08002040       0x50 inc/tm_stm32f4_delay.o
                0x08002040                TM_DELAY_Init
 .text.TM_DS18B20_StartAll
                0x08002090       0x26 inc/tm_stm32f4_ds18b20.o
                0x08002090                TM_DS18B20_StartAll
 *fill*         0x080020b6        0x2 
 .text.TM_DS18B20_Read
                0x080020b8      0x200 inc/tm_stm32f4_ds18b20.o
                0x080020b8                TM_DS18B20_Read
 .text.TM_DS18B20_SetResolution
                0x080022b8      0x110 inc/tm_stm32f4_ds18b20.o
                0x080022b8                TM_DS18B20_SetResolution
 .text.TM_DS18B20_Is
                0x080023c8       0x22 inc/tm_stm32f4_ds18b20.o
                0x080023c8                TM_DS18B20_Is
 .text.TM_DS18B20_AllDone
                0x080023ea       0x18 inc/tm_stm32f4_ds18b20.o
                0x080023ea                TM_DS18B20_AllDone
 .text.TM_GPIO_Init
                0x08002402       0x46 inc/tm_stm32f4_gpio.o
                0x08002402                TM_GPIO_Init
 .text.TM_GPIO_InitAlternate
                0x08002448       0xa8 inc/tm_stm32f4_gpio.o
                0x08002448                TM_GPIO_InitAlternate
 .text.TM_GPIO_SetPinAsInput
                0x080024f0       0x50 inc/tm_stm32f4_gpio.o
                0x080024f0                TM_GPIO_SetPinAsInput
 .text.TM_GPIO_SetPinAsOutput
                0x08002540       0x5c inc/tm_stm32f4_gpio.o
                0x08002540                TM_GPIO_SetPinAsOutput
 .text.TM_GPIO_GetPortSource
                0x0800259c       0x22 inc/tm_stm32f4_gpio.o
                0x0800259c                TM_GPIO_GetPortSource
 *fill*         0x080025be        0x2 
 .text.TM_GPIO_INT_EnableClock
                0x080025c0       0x30 inc/tm_stm32f4_gpio.o
                0x080025c0                TM_GPIO_INT_EnableClock
 .text.TM_GPIO_INT_Init
                0x080025f0      0x10c inc/tm_stm32f4_gpio.o
                0x080025f0                TM_GPIO_INT_Init
 .text.Delay    0x080026fc       0x64 inc/tm_stm32f4_hcsr04.o
 .text.TM_HCSR04_Init
                0x08002760       0x88 inc/tm_stm32f4_hcsr04.o
                0x08002760                TM_HCSR04_Init
 .text.TM_HCSR04_Read
                0x080027e8       0xb0 inc/tm_stm32f4_hcsr04.o
                0x080027e8                TM_HCSR04_Read
 .text.Delay    0x08002898       0x64 inc/tm_stm32f4_onewire.o
 .text.TM_OneWire_Init
                0x080028fc       0x3a inc/tm_stm32f4_onewire.o
                0x080028fc                TM_OneWire_Init
 .text.TM_OneWire_Reset
                0x08002936       0x6a inc/tm_stm32f4_onewire.o
                0x08002936                TM_OneWire_Reset
 .text.TM_OneWire_WriteBit
                0x080029a0       0xa8 inc/tm_stm32f4_onewire.o
                0x080029a0                TM_OneWire_WriteBit
 .text.TM_OneWire_ReadBit
                0x08002a48       0x66 inc/tm_stm32f4_onewire.o
                0x08002a48                TM_OneWire_ReadBit
 .text.TM_OneWire_WriteByte
                0x08002aae       0x3a inc/tm_stm32f4_onewire.o
                0x08002aae                TM_OneWire_WriteByte
 .text.TM_OneWire_ReadByte
                0x08002ae8       0x42 inc/tm_stm32f4_onewire.o
                0x08002ae8                TM_OneWire_ReadByte
 .text.TM_OneWire_First
                0x08002b2a       0x20 inc/tm_stm32f4_onewire.o
                0x08002b2a                TM_OneWire_First
 .text.TM_OneWire_ResetSearch
                0x08002b4a       0x26 inc/tm_stm32f4_onewire.o
                0x08002b4a                TM_OneWire_ResetSearch
 .text.TM_OneWire_Search
                0x08002b70      0x18c inc/tm_stm32f4_onewire.o
                0x08002b70                TM_OneWire_Search
 .text.TM_OneWire_SelectWithPointer
                0x08002cfc       0x3c inc/tm_stm32f4_onewire.o
                0x08002cfc                TM_OneWire_SelectWithPointer
 .text.TM_OneWire_GetFullROM
                0x08002d38       0x38 inc/tm_stm32f4_onewire.o
                0x08002d38                TM_OneWire_GetFullROM
 .text.TM_OneWire_CRC8
                0x08002d70       0x70 inc/tm_stm32f4_onewire.o
                0x08002d70                TM_OneWire_CRC8
 .text.TM_PWM_InitTimer
                0x08002de0      0x150 inc/tm_stm32f4_pwm.o
                0x08002de0                TM_PWM_InitTimer
 .text.TM_PWM_InitChannel
                0x08002f30      0x180 inc/tm_stm32f4_pwm.o
                0x08002f30                TM_PWM_InitChannel
 .text.TM_PWM_SetChannel
                0x080030b0      0x1ac inc/tm_stm32f4_pwm.o
                0x080030b0                TM_PWM_SetChannel
 .text.TM_PWM_SetChannelMicros
                0x0800325c       0x44 inc/tm_stm32f4_pwm.o
                0x0800325c                TM_PWM_SetChannelMicros
 .text.TM_PWM_INT_InitTIM1Pins
                0x080032a0      0x17c inc/tm_stm32f4_pwm.o
                0x080032a0                TM_PWM_INT_InitTIM1Pins
 .text.TM_PWM_INT_InitTIM2Pins
                0x0800341c      0x190 inc/tm_stm32f4_pwm.o
                0x0800341c                TM_PWM_INT_InitTIM2Pins
 .text.TM_PWM_INT_InitTIM3Pins
                0x080035ac      0x1b0 inc/tm_stm32f4_pwm.o
                0x080035ac                TM_PWM_INT_InitTIM3Pins
 .text.TM_PWM_INT_InitTIM4Pins
                0x0800375c      0x178 inc/tm_stm32f4_pwm.o
                0x0800375c                TM_PWM_INT_InitTIM4Pins
 .text.TM_PWM_INT_InitTIM5Pins
                0x080038d4      0x178 inc/tm_stm32f4_pwm.o
                0x080038d4                TM_PWM_INT_InitTIM5Pins
 .text.TM_PWM_INT_InitTIM8Pins
                0x08003a4c      0x174 inc/tm_stm32f4_pwm.o
                0x08003a4c                TM_PWM_INT_InitTIM8Pins
 .text.TM_PWM_INT_InitTIM9Pins
                0x08003bc0       0xc8 inc/tm_stm32f4_pwm.o
                0x08003bc0                TM_PWM_INT_InitTIM9Pins
 .text.TM_PWM_INT_InitTIM10Pins
                0x08003c88       0x7c inc/tm_stm32f4_pwm.o
                0x08003c88                TM_PWM_INT_InitTIM10Pins
 .text.TM_PWM_INT_InitTIM11Pins
                0x08003d04       0x7c inc/tm_stm32f4_pwm.o
                0x08003d04                TM_PWM_INT_InitTIM11Pins
 .text.TM_PWM_INT_InitTIM12Pins
                0x08003d80       0xd0 inc/tm_stm32f4_pwm.o
                0x08003d80                TM_PWM_INT_InitTIM12Pins
 .text.TM_PWM_INT_InitTIM13Pins
                0x08003e50       0x7c inc/tm_stm32f4_pwm.o
                0x08003e50                TM_PWM_INT_InitTIM13Pins
 .text.TM_PWM_INT_InitTIM14Pins
                0x08003ecc       0x7c inc/tm_stm32f4_pwm.o
                0x08003ecc                TM_PWM_INT_InitTIM14Pins
 .text.TM_TIMER_PROPERTIES_GetTimerProperties
                0x08003f48      0x100 inc/tm_stm32f4_timer_properties.o
                0x08003f48                TM_TIMER_PROPERTIES_GetTimerProperties
 .text.TM_TIMER_PROPERTIES_GenerateDataForWorkingFrequency
                0x08004048      0x11e inc/tm_stm32f4_timer_properties.o
                0x08004048                TM_TIMER_PROPERTIES_GenerateDataForWorkingFrequency
 *fill*         0x08004166        0x2 
 .text.TM_TIMER_PROPERTIES_EnableClock
                0x08004168      0x148 inc/tm_stm32f4_timer_properties.o
                0x08004168                TM_TIMER_PROPERTIES_EnableClock
 .text.initializeAll_IOPins
                0x080042b0       0x9c src/FCB_GPIO_Init.o
                0x080042b0                initializeAll_IOPins
 .text.initializeGPIO
                0x0800434c       0x8a src/FCB_GPIO_Init.o
                0x0800434c                initializeGPIO
 .text.initializeTimerPort
                0x080043d6       0xaa src/FCB_GPIO_Init.o
                0x080043d6                initializeTimerPort
 .text.initializeADC_1
                0x08004480       0x4c src/FCB_GPIO_Init.o
                0x08004480                initializeADC_1
 .text.getPortRCC_Constant
                0x080044cc       0x68 src/FCB_GPIO_Pins.o
                0x080044cc                getPortRCC_Constant
 .text.getPort  0x08004534       0x80 src/FCB_GPIO_Pins.o
                0x08004534                getPort
 .text.sameGPIO_TypeDef
                0x080045b4       0x28 src/FCB_GPIO_Pins.o
                0x080045b4                sameGPIO_TypeDef
 .text.getTimerPeripheral
                0x080045dc       0x4a src/FCB_GPIO_Pins.o
                0x080045dc                getTimerPeripheral
 .text.getTimer_AF
                0x08004626       0x4a src/FCB_GPIO_Pins.o
                0x08004626                getTimer_AF
 .text.getTimer_Constant
                0x08004670       0x5c src/FCB_GPIO_Pins.o
                0x08004670                getTimer_Constant
 .text.getPinSource
                0x080046cc       0xc8 src/FCB_GPIO_Pins.o
                0x080046cc                getPinSource
 .text.initializePWM
                0x08004794       0x54 src/FCB_PWM.o
                0x08004794                initializePWM
 .text.timer_start
                0x080047e8       0x24 src/FCB_PWM.o
                0x080047e8                timer_start
 .text.initializeTimerClock
                0x0800480c       0x78 src/FCB_PWM.o
                0x0800480c                initializeTimerClock
 .text.initializeTimerPWM
                0x08004884       0xbc src/FCB_PWM.o
                0x08004884                initializeTimerPWM
 .text.setPWM   0x08004940       0x68 src/FCB_PWM.o
                0x08004940                setPWM
 .text.get_timer_clock_frequency
                0x080049a8       0x30 src/FCB_PWM.o
                0x080049a8                get_timer_clock_frequency
 .text.Delayms  0x080049d8       0x58 src/FCB_PressureSensor.o
 .text.readPressure
                0x08004a30       0xb8 src/FCB_PressureSensor.o
                0x08004a30                readPressure
 .text.isPressureBelowMax
                0x08004ae8       0x24 src/FCB_PressureSensor.o
                0x08004ae8                isPressureBelowMax
 .text.delayUntilPressureBelowMax
                0x08004b0c       0x30 src/FCB_PressureSensor.o
                0x08004b0c                delayUntilPressureBelowMax
 .text.delayUntilPressureAtRoom
                0x08004b3c       0x2c src/FCB_PressureSensor.o
                0x08004b3c                delayUntilPressureAtRoom
 .text.Delayms  0x08004b68       0x58 src/FCB_SonarSensor.o
 .text.initializeSonarSensor
                0x08004bc0       0x2c src/FCB_SonarSensor.o
                0x08004bc0                initializeSonarSensor
 .text.readDistance
                0x08004bec       0x18 src/FCB_SonarSensor.o
                0x08004bec                readDistance
 .text.isWaterHeightBelowMin
                0x08004c04       0x2c src/FCB_SonarSensor.o
                0x08004c04                isWaterHeightBelowMin
 .text.delayUntilChangeInOunces
                0x08004c30       0xb8 src/FCB_SonarSensor.o
                0x08004c30                delayUntilChangeInOunces
 .text.initializeAllTempSensors
                0x08004ce8       0x10 src/FCB_TempSensor.o
                0x08004ce8                initializeAllTempSensors
 .text.initializeTempSensor
                0x08004cf8       0xb8 src/FCB_TempSensor.o
                0x08004cf8                initializeTempSensor
 .text.readTemperature
                0x08004db0       0xb0 src/FCB_TempSensor.o
                0x08004db0                readTemperature
 .text.isTemperatureBelowMax
                0x08004e60       0x7e src/FCB_TempSensor.o
                0x08004e60                isTemperatureBelowMax
 *fill*         0x08004ede        0x2 
 .text.NVIC_SetPriority
                0x08004ee0       0x54 src/main.o
 .text.SysTick_Config
                0x08004f34       0x44 src/main.o
 .text.Delayms  0x08004f78       0x58 src/main.o
 .text.main     0x08004fd0       0xf0 src/main.o
                0x08004fd0                main
 .text.SysTickInit
                0x080050c0       0x2a src/main.o
                0x080050c0                SysTickInit
 *fill*         0x080050ea        0x2 
 .text.coolWaterTank
                0x080050ec      0x128 src/main.o
                0x080050ec                coolWaterTank
 .text.getSizeInput
                0x08005214      0x134 src/main.o
                0x08005214                getSizeInput
 .text.fillVacuumChamber
                0x08005348       0x40 src/main.o
                0x08005348                fillVacuumChamber
 .text.createVacuum
                0x08005388       0x34 src/main.o
                0x08005388                createVacuum
 *fill*         0x080053bc        0x4 
 .text.brewCoffee
                0x080053c0      0x1ac src/main.o
                0x080053c0                brewCoffee
 .text.releaseVacuum
                0x0800556c       0x3c src/main.o
                0x0800556c                releaseVacuum
 .text.emptyVacuumChamber
                0x080055a8       0x60 src/main.o
                0x080055a8                emptyVacuumChamber
 .text.initializeAll_Peripherals
                0x08005608       0x14 src/main.o
                0x08005608                initializeAll_Peripherals
 .text.setSolenoidsForRecirc
                0x0800561c       0x2c src/main.o
                0x0800561c                setSolenoidsForRecirc
 .text.setSolenoidsForFilling
                0x08005648       0x2c src/main.o
                0x08005648                setSolenoidsForFilling
 .text._sbrk    0x08005674       0x58 src/syscalls.o
                0x08005674                _sbrk
 .text.SystemInit
                0x080056cc       0x6c src/system_stm32f4xx.o
                0x080056cc                SystemInit
 .text.SetSysClock
                0x08005738       0xa0 src/system_stm32f4xx.o
 .text.Reset_Handler
                0x080057d8       0x50 startup/startup_stm32.o
                0x080057d8                Reset_Handler
 .text.Default_Handler
                0x08005828        0x2 startup/startup_stm32.o
                0x08005828                RTC_Alarm_IRQHandler
                0x08005828                EXTI2_IRQHandler
                0x08005828                DebugMon_Handler
                0x08005828                SPI4_IRQHandler
                0x08005828                TIM1_CC_IRQHandler
                0x08005828                HardFault_Handler
                0x08005828                PVD_IRQHandler
                0x08005828                SDIO_IRQHandler
                0x08005828                TAMP_STAMP_IRQHandler
                0x08005828                PendSV_Handler
                0x08005828                NMI_Handler
                0x08005828                EXTI3_IRQHandler
                0x08005828                TIM1_UP_TIM10_IRQHandler
                0x08005828                I2C3_ER_IRQHandler
                0x08005828                EXTI0_IRQHandler
                0x08005828                I2C2_EV_IRQHandler
                0x08005828                FPU_IRQHandler
                0x08005828                UsageFault_Handler
                0x08005828                SPI1_IRQHandler
                0x08005828                TIM1_BRK_TIM9_IRQHandler
                0x08005828                I2C1_EV_IRQHandler
                0x08005828                TIM3_IRQHandler
                0x08005828                RCC_IRQHandler
                0x08005828                Default_Handler
                0x08005828                EXTI15_10_IRQHandler
                0x08005828                ADC_IRQHandler
                0x08005828                I2C3_EV_IRQHandler
                0x08005828                EXTI9_5_IRQHandler
                0x08005828                RTC_WKUP_IRQHandler
                0x08005828                SPI2_IRQHandler
                0x08005828                MemManage_Handler
                0x08005828                SVC_Handler
                0x08005828                EXTI4_IRQHandler
                0x08005828                TIM2_IRQHandler
                0x08005828                OTG_FS_WKUP_IRQHandler
                0x08005828                TIM1_TRG_COM_TIM11_IRQHandler
                0x08005828                EXTI1_IRQHandler
                0x08005828                I2C2_ER_IRQHandler
                0x08005828                FLASH_IRQHandler
                0x08005828                BusFault_Handler
                0x08005828                OTG_FS_IRQHandler
                0x08005828                SPI3_IRQHandler
                0x08005828                I2C1_ER_IRQHandler
 *fill*         0x0800582a        0x2 
 .text.__errno  0x0800582c        0xc c:/ac6/systemworkbench/plugins/fr.ac6.mcu.externaltools.arm-none.win32_1.16.0.201807130628/tools/compiler/bin/../lib/gcc/arm-none-eabi/7.2.1/../../../../arm-none-eabi/lib/thumb/v7e-m/fpv4-sp/hard\libc.a(lib_a-errno.o)
                0x0800582c                __errno
 .text.__libc_init_array
                0x08005838       0x48 c:/ac6/systemworkbench/plugins/fr.ac6.mcu.externaltools.arm-none.win32_1.16.0.201807130628/tools/compiler/bin/../lib/gcc/arm-none-eabi/7.2.1/../../../../arm-none-eabi/lib/thumb/v7e-m/fpv4-sp/hard\libc.a(lib_a-init.o)
                0x08005838                __libc_init_array
 .text.malloc   0x08005880       0x10 c:/ac6/systemworkbench/plugins/fr.ac6.mcu.externaltools.arm-none.win32_1.16.0.201807130628/tools/compiler/bin/../lib/gcc/arm-none-eabi/7.2.1/../../../../arm-none-eabi/lib/thumb/v7e-m/fpv4-sp/hard\libc.a(lib_a-malloc.o)
                0x08005880                malloc
 .text._malloc_r
                0x08005890      0x548 c:/ac6/systemworkbench/plugins/fr.ac6.mcu.externaltools.arm-none.win32_1.16.0.201807130628/tools/compiler/bin/../lib/gcc/arm-none-eabi/7.2.1/../../../../arm-none-eabi/lib/thumb/v7e-m/fpv4-sp/hard\libc.a(lib_a-mallocr.o)
                0x08005890                _malloc_r
 .text.__malloc_lock
                0x08005dd8        0xc c:/ac6/systemworkbench/plugins/fr.ac6.mcu.externaltools.arm-none.win32_1.16.0.201807130628/tools/compiler/bin/../lib/gcc/arm-none-eabi/7.2.1/../../../../arm-none-eabi/lib/thumb/v7e-m/fpv4-sp/hard\libc.a(lib_a-mlock.o)
                0x08005dd8                __malloc_lock
 .text.__malloc_unlock
                0x08005de4        0xc c:/ac6/systemworkbench/plugins/fr.ac6.mcu.externaltools.arm-none.win32_1.16.0.201807130628/tools/compiler/bin/../lib/gcc/arm-none-eabi/7.2.1/../../../../arm-none-eabi/lib/thumb/v7e-m/fpv4-sp/hard\libc.a(lib_a-mlock.o)
                0x08005de4                __malloc_unlock
 .text._sbrk_r  0x08005df0       0x24 c:/ac6/systemworkbench/plugins/fr.ac6.mcu.externaltools.arm-none.win32_1.16.0.201807130628/tools/compiler/bin/../lib/gcc/arm-none-eabi/7.2.1/../../../../arm-none-eabi/lib/thumb/v7e-m/fpv4-sp/hard\libc.a(lib_a-sbrkr.o)
                0x08005df0                _sbrk_r
 .text.startup.register_fini
                0x08005e14       0x14 c:/ac6/systemworkbench/plugins/fr.ac6.mcu.externaltools.arm-none.win32_1.16.0.201807130628/tools/compiler/bin/../lib/gcc/arm-none-eabi/7.2.1/../../../../arm-none-eabi/lib/thumb/v7e-m/fpv4-sp/hard\libc.a(lib_a-__call_atexit.o)
 .text.atexit   0x08005e28        0xc c:/ac6/systemworkbench/plugins/fr.ac6.mcu.externaltools.arm-none.win32_1.16.0.201807130628/tools/compiler/bin/../lib/gcc/arm-none-eabi/7.2.1/../../../../arm-none-eabi/lib/thumb/v7e-m/fpv4-sp/hard\libc.a(lib_a-atexit.o)
                0x08005e28                atexit
 .text.__libc_fini_array
                0x08005e34       0x34 c:/ac6/systemworkbench/plugins/fr.ac6.mcu.externaltools.arm-none.win32_1.16.0.201807130628/tools/compiler/bin/../lib/gcc/arm-none-eabi/7.2.1/../../../../arm-none-eabi/lib/thumb/v7e-m/fpv4-sp/hard\libc.a(lib_a-fini.o)
                0x08005e34                __libc_fini_array
 .text._malloc_trim_r
                0x08005e68       0xa0 c:/ac6/systemworkbench/plugins/fr.ac6.mcu.externaltools.arm-none.win32_1.16.0.201807130628/tools/compiler/bin/../lib/gcc/arm-none-eabi/7.2.1/../../../../arm-none-eabi/lib/thumb/v7e-m/fpv4-sp/hard\libc.a(lib_a-freer.o)
                0x08005e68                _malloc_trim_r
 .text._free_r  0x08005f08      0x1e8 c:/ac6/systemworkbench/plugins/fr.ac6.mcu.externaltools.arm-none.win32_1.16.0.201807130628/tools/compiler/bin/../lib/gcc/arm-none-eabi/7.2.1/../../../../arm-none-eabi/lib/thumb/v7e-m/fpv4-sp/hard\libc.a(lib_a-freer.o)
                0x08005f08                _free_r
 .text.__retarget_lock_acquire_recursive
                0x080060f0        0x4 c:/ac6/systemworkbench/plugins/fr.ac6.mcu.externaltools.arm-none.win32_1.16.0.201807130628/tools/compiler/bin/../lib/gcc/arm-none-eabi/7.2.1/../../../../arm-none-eabi/lib/thumb/v7e-m/fpv4-sp/hard\libc.a(lib_a-lock.o)
                0x080060f0                __retarget_lock_acquire_recursive
 .text.__retarget_lock_release_recursive
                0x080060f4        0x4 c:/ac6/systemworkbench/plugins/fr.ac6.mcu.externaltools.arm-none.win32_1.16.0.201807130628/tools/compiler/bin/../lib/gcc/arm-none-eabi/7.2.1/../../../../arm-none-eabi/lib/thumb/v7e-m/fpv4-sp/hard\libc.a(lib_a-lock.o)
                0x080060f4                __retarget_lock_release_recursive
 .text.__register_exitproc
                0x080060f8       0xc0 c:/ac6/systemworkbench/plugins/fr.ac6.mcu.externaltools.arm-none.win32_1.16.0.201807130628/tools/compiler/bin/../lib/gcc/arm-none-eabi/7.2.1/../../../../arm-none-eabi/lib/thumb/v7e-m/fpv4-sp/hard\libc.a(lib_a-__atexit.o)
                0x080060f8                __register_exitproc
 *(.glue_7)
 .glue_7        0x080061b8        0x0 linker stubs
 *(.glue_7t)
 .glue_7t       0x080061b8        0x0 linker stubs
 *(.eh_frame)
 .eh_frame      0x080061b8        0x0 c:/ac6/systemworkbench/plugins/fr.ac6.mcu.externaltools.arm-none.win32_1.16.0.201807130628/tools/compiler/bin/../lib/gcc/arm-none-eabi/7.2.1/thumb/v7e-m/fpv4-sp/hard/crtbegin.o
 *(.init)
 .init          0x080061b8        0x4 c:/ac6/systemworkbench/plugins/fr.ac6.mcu.externaltools.arm-none.win32_1.16.0.201807130628/tools/compiler/bin/../lib/gcc/arm-none-eabi/7.2.1/thumb/v7e-m/fpv4-sp/hard/crti.o
                0x080061b8                _init
 .init          0x080061bc        0x8 c:/ac6/systemworkbench/plugins/fr.ac6.mcu.externaltools.arm-none.win32_1.16.0.201807130628/tools/compiler/bin/../lib/gcc/arm-none-eabi/7.2.1/thumb/v7e-m/fpv4-sp/hard/crtn.o
 *(.fini)
 .fini          0x080061c4        0x4 c:/ac6/systemworkbench/plugins/fr.ac6.mcu.externaltools.arm-none.win32_1.16.0.201807130628/tools/compiler/bin/../lib/gcc/arm-none-eabi/7.2.1/thumb/v7e-m/fpv4-sp/hard/crti.o
                0x080061c4                _fini
 .fini          0x080061c8        0x8 c:/ac6/systemworkbench/plugins/fr.ac6.mcu.externaltools.arm-none.win32_1.16.0.201807130628/tools/compiler/bin/../lib/gcc/arm-none-eabi/7.2.1/thumb/v7e-m/fpv4-sp/hard/crtn.o
                0x080061d0                . = ALIGN (0x4)
                0x080061d0                _etext = .

.vfp11_veneer   0x080061d0        0x0
 .vfp11_veneer  0x080061d0        0x0 linker stubs

.v4_bx          0x080061d0        0x0
 .v4_bx         0x080061d0        0x0 linker stubs

.iplt           0x080061d0        0x0
 .iplt          0x080061d0        0x0 c:/ac6/systemworkbench/plugins/fr.ac6.mcu.externaltools.arm-none.win32_1.16.0.201807130628/tools/compiler/bin/../lib/gcc/arm-none-eabi/7.2.1/thumb/v7e-m/fpv4-sp/hard/crtbegin.o

.rodata         0x080061d0      0x378
                0x080061d0                . = ALIGN (0x4)
 *(.rodata)
 .rodata        0x080061d0      0x124 src/FCB_GPIO_Init.o
 .rodata        0x080062f4      0x124 src/FCB_PWM.o
 .rodata        0x08006418      0x12c src/FCB_TempSensor.o
 *(.rodata*)
 .rodata._global_impure_ptr
                0x08006544        0x4 c:/ac6/systemworkbench/plugins/fr.ac6.mcu.externaltools.arm-none.win32_1.16.0.201807130628/tools/compiler/bin/../lib/gcc/arm-none-eabi/7.2.1/../../../../arm-none-eabi/lib/thumb/v7e-m/fpv4-sp/hard\libc.a(lib_a-impure.o)
                0x08006544                _global_impure_ptr
                0x08006548                . = ALIGN (0x4)

.rel.dyn        0x08006548        0x0
 .rel.iplt      0x08006548        0x0 c:/ac6/systemworkbench/plugins/fr.ac6.mcu.externaltools.arm-none.win32_1.16.0.201807130628/tools/compiler/bin/../lib/gcc/arm-none-eabi/7.2.1/thumb/v7e-m/fpv4-sp/hard/crtbegin.o

.ARM.extab      0x08006548        0x0
                0x08006548                . = ALIGN (0x4)
 *(.ARM.extab* .gnu.linkonce.armextab.*)
                0x08006548                . = ALIGN (0x4)

.ARM            0x08006548        0x0
                0x08006548                . = ALIGN (0x4)
                0x08006548                __exidx_start = .
 *(.ARM.exidx*)
                0x08006548                __exidx_end = .
                0x08006548                . = ALIGN (0x4)

.preinit_array  0x08006548        0x0
                0x08006548                . = ALIGN (0x4)
                0x08006548                PROVIDE (__preinit_array_start, .)
 *(.preinit_array*)
                0x08006548                PROVIDE (__preinit_array_end, .)
                0x08006548                . = ALIGN (0x4)

.init_array     0x08006548        0x8
                0x08006548                . = ALIGN (0x4)
                0x08006548                PROVIDE (__init_array_start, .)
 *(SORT_BY_NAME(.init_array.*))
 .init_array.00000
                0x08006548        0x4 c:/ac6/systemworkbench/plugins/fr.ac6.mcu.externaltools.arm-none.win32_1.16.0.201807130628/tools/compiler/bin/../lib/gcc/arm-none-eabi/7.2.1/../../../../arm-none-eabi/lib/thumb/v7e-m/fpv4-sp/hard\libc.a(lib_a-__call_atexit.o)
 *(.init_array*)
 .init_array    0x0800654c        0x4 c:/ac6/systemworkbench/plugins/fr.ac6.mcu.externaltools.arm-none.win32_1.16.0.201807130628/tools/compiler/bin/../lib/gcc/arm-none-eabi/7.2.1/thumb/v7e-m/fpv4-sp/hard/crtbegin.o
                0x08006550                PROVIDE (__init_array_end, .)
                0x08006550                . = ALIGN (0x4)

.fini_array     0x08006550        0x4
                0x08006550                . = ALIGN (0x4)
                0x08006550                PROVIDE (__fini_array_start, .)
 *(SORT_BY_NAME(.fini_array.*))
 *(.fini_array*)
 .fini_array    0x08006550        0x4 c:/ac6/systemworkbench/plugins/fr.ac6.mcu.externaltools.arm-none.win32_1.16.0.201807130628/tools/compiler/bin/../lib/gcc/arm-none-eabi/7.2.1/thumb/v7e-m/fpv4-sp/hard/crtbegin.o
                0x08006554                PROVIDE (__fini_array_end, .)
                0x08006554                . = ALIGN (0x4)
                0x08006554                _sidata = LOADADDR (.data)

.data           0x20000000      0x974 load address 0x08006554
                0x20000000                . = ALIGN (0x4)
                0x20000000                _sdata = .
 *(.data)
 .data          0x20000000       0x10 StdPeriph_Driver/src/stm32f4xx_rcc.o
 .data          0x20000010       0x88 src/FCB_GPIO_Init.o
 .data          0x20000098       0x88 src/FCB_PWM.o
 .data          0x20000120       0x14 src/system_stm32f4xx.o
                0x20000120                SystemCoreClock
                0x20000124                AHBPrescTable
 *(.data*)
 .data._impure_ptr
                0x20000134        0x4 c:/ac6/systemworkbench/plugins/fr.ac6.mcu.externaltools.arm-none.win32_1.16.0.201807130628/tools/compiler/bin/../lib/gcc/arm-none-eabi/7.2.1/../../../../arm-none-eabi/lib/thumb/v7e-m/fpv4-sp/hard\libc.a(lib_a-impure.o)
                0x20000134                _impure_ptr
 .data.impure_data
                0x20000138      0x428 c:/ac6/systemworkbench/plugins/fr.ac6.mcu.externaltools.arm-none.win32_1.16.0.201807130628/tools/compiler/bin/../lib/gcc/arm-none-eabi/7.2.1/../../../../arm-none-eabi/lib/thumb/v7e-m/fpv4-sp/hard\libc.a(lib_a-impure.o)
 .data.__malloc_av_
                0x20000560      0x408 c:/ac6/systemworkbench/plugins/fr.ac6.mcu.externaltools.arm-none.win32_1.16.0.201807130628/tools/compiler/bin/../lib/gcc/arm-none-eabi/7.2.1/../../../../arm-none-eabi/lib/thumb/v7e-m/fpv4-sp/hard\libc.a(lib_a-mallocr.o)
                0x20000560                __malloc_av_
 .data.__malloc_sbrk_base
                0x20000968        0x4 c:/ac6/systemworkbench/plugins/fr.ac6.mcu.externaltools.arm-none.win32_1.16.0.201807130628/tools/compiler/bin/../lib/gcc/arm-none-eabi/7.2.1/../../../../arm-none-eabi/lib/thumb/v7e-m/fpv4-sp/hard\libc.a(lib_a-mallocr.o)
                0x20000968                __malloc_sbrk_base
 .data.__malloc_trim_threshold
                0x2000096c        0x4 c:/ac6/systemworkbench/plugins/fr.ac6.mcu.externaltools.arm-none.win32_1.16.0.201807130628/tools/compiler/bin/../lib/gcc/arm-none-eabi/7.2.1/../../../../arm-none-eabi/lib/thumb/v7e-m/fpv4-sp/hard\libc.a(lib_a-mallocr.o)
                0x2000096c                __malloc_trim_threshold
 .data.__atexit_recursive_mutex
                0x20000970        0x4 c:/ac6/systemworkbench/plugins/fr.ac6.mcu.externaltools.arm-none.win32_1.16.0.201807130628/tools/compiler/bin/../lib/gcc/arm-none-eabi/7.2.1/../../../../arm-none-eabi/lib/thumb/v7e-m/fpv4-sp/hard\libc.a(lib_a-__call_atexit.o)
                0x20000970                __atexit_recursive_mutex
                0x20000974                . = ALIGN (0x4)
                0x20000974                _edata = .

.igot.plt       0x20000974        0x0 load address 0x08006ec8
 .igot.plt      0x20000974        0x0 c:/ac6/systemworkbench/plugins/fr.ac6.mcu.externaltools.arm-none.win32_1.16.0.201807130628/tools/compiler/bin/../lib/gcc/arm-none-eabi/7.2.1/thumb/v7e-m/fpv4-sp/hard/crtbegin.o
                0x20000974                . = ALIGN (0x4)

.bss            0x20000974      0x138 load address 0x08006ec8
                0x20000974                _sbss = .
                0x20000974                __bss_start__ = _sbss
 *(.bss)
 .bss           0x20000974       0x1c c:/ac6/systemworkbench/plugins/fr.ac6.mcu.externaltools.arm-none.win32_1.16.0.201807130628/tools/compiler/bin/../lib/gcc/arm-none-eabi/7.2.1/thumb/v7e-m/fpv4-sp/hard/crtbegin.o
 .bss           0x20000990       0x28 inc/tm_stm32f4_delay.o
                0x20000990                TM_TimingDelay
                0x20000994                TM_Time
                0x20000998                TM_Time2
                0x2000099c                TM_DELAY_Initialized
 .bss           0x200009b8       0x16 inc/tm_stm32f4_gpio.o
 .bss           0x200009ce        0x1 src/main.o
 *fill*         0x200009cf        0x1 
 .bss           0x200009d0        0x8 src/syscalls.o
                0x200009d0                __env
 *(.bss*)
 .bss.__malloc_current_mallinfo
                0x200009d8       0x28 c:/ac6/systemworkbench/plugins/fr.ac6.mcu.externaltools.arm-none.win32_1.16.0.201807130628/tools/compiler/bin/../lib/gcc/arm-none-eabi/7.2.1/../../../../arm-none-eabi/lib/thumb/v7e-m/fpv4-sp/hard\libc.a(lib_a-mallocr.o)
                0x200009d8                __malloc_current_mallinfo
 .bss.__malloc_max_sbrked_mem
                0x20000a00        0x4 c:/ac6/systemworkbench/plugins/fr.ac6.mcu.externaltools.arm-none.win32_1.16.0.201807130628/tools/compiler/bin/../lib/gcc/arm-none-eabi/7.2.1/../../../../arm-none-eabi/lib/thumb/v7e-m/fpv4-sp/hard\libc.a(lib_a-mallocr.o)
                0x20000a00                __malloc_max_sbrked_mem
 .bss.__malloc_max_total_mem
                0x20000a04        0x4 c:/ac6/systemworkbench/plugins/fr.ac6.mcu.externaltools.arm-none.win32_1.16.0.201807130628/tools/compiler/bin/../lib/gcc/arm-none-eabi/7.2.1/../../../../arm-none-eabi/lib/thumb/v7e-m/fpv4-sp/hard\libc.a(lib_a-mallocr.o)
                0x20000a04                __malloc_max_total_mem
 .bss.__malloc_top_pad
                0x20000a08        0x4 c:/ac6/systemworkbench/plugins/fr.ac6.mcu.externaltools.arm-none.win32_1.16.0.201807130628/tools/compiler/bin/../lib/gcc/arm-none-eabi/7.2.1/../../../../arm-none-eabi/lib/thumb/v7e-m/fpv4-sp/hard\libc.a(lib_a-mallocr.o)
                0x20000a08                __malloc_top_pad
 *(COMMON)
 COMMON         0x20000a0c        0x4 inc/tm_stm32f4_delay.o
                0x20000a0c                mult
 COMMON         0x20000a10       0x28 src/FCB_PWM.o
                0x20000a10                TIM1_Data
 COMMON         0x20000a38       0x14 src/FCB_SonarSensor.o
                0x20000a38                sonarSensor
 COMMON         0x20000a4c       0x38 src/FCB_TempSensor.o
                0x20000a4c                waterTankTempSensor
                0x20000a60                waterTankROM
                0x20000a68                peltierTempSensor
                0x20000a7c                peltierROM
 COMMON         0x20000a84       0x21 c:/ac6/systemworkbench/plugins/fr.ac6.mcu.externaltools.arm-none.win32_1.16.0.201807130628/tools/compiler/bin/../lib/gcc/arm-none-eabi/7.2.1/../../../../arm-none-eabi/lib/thumb/v7e-m/fpv4-sp/hard\libc.a(lib_a-lock.o)
                0x20000a84                __lock___atexit_recursive_mutex
                0x20000a88                __lock___arc4random_mutex
                0x20000a8c                __lock___env_recursive_mutex
                0x20000a90                __lock___sinit_recursive_mutex
                0x20000a94                __lock___malloc_recursive_mutex
                0x20000a98                __lock___at_quick_exit_mutex
                0x20000a9c                __lock___dd_hash_mutex
                0x20000aa0                __lock___tz_mutex
                0x20000aa4                __lock___sfp_recursive_mutex
 *fill*         0x20000aa5        0x3 
 COMMON         0x20000aa8        0x4 c:/ac6/systemworkbench/plugins/fr.ac6.mcu.externaltools.arm-none.win32_1.16.0.201807130628/tools/compiler/bin/../lib/gcc/arm-none-eabi/7.2.1/../../../../arm-none-eabi/lib/thumb/v7e-m/fpv4-sp/hard\libc.a(lib_a-reent.o)
                0x20000aa8                errno
                0x20000aac                . = ALIGN (0x4)
                0x20000aac                _ebss = .
                0x20000aac                __bss_end__ = _ebss

._user_heap_stack
                0x20000aac      0x404 load address 0x08006ec8
                0x20000ab0                . = ALIGN (0x8)
 *fill*         0x20000aac        0x4 
                0x20000ab0                PROVIDE (end, .)
                [!provide]                PROVIDE (_end, .)
                0x20000ab0                . = (. + _Min_Heap_Size)
                0x20000eb0                . = (. + _Min_Stack_Size)
 *fill*         0x20000ab0      0x400 
                0x20000eb0                . = ALIGN (0x8)

/DISCARD/
 libc.a(*)
 libm.a(*)
 libgcc.a(*)

.ARM.attributes
                0x00000000       0x30
 *(.ARM.attributes)
 .ARM.attributes
                0x00000000       0x22 c:/ac6/systemworkbench/plugins/fr.ac6.mcu.externaltools.arm-none.win32_1.16.0.201807130628/tools/compiler/bin/../lib/gcc/arm-none-eabi/7.2.1/thumb/v7e-m/fpv4-sp/hard/crti.o
 .ARM.attributes
                0x00000022       0x34 c:/ac6/systemworkbench/plugins/fr.ac6.mcu.externaltools.arm-none.win32_1.16.0.201807130628/tools/compiler/bin/../lib/gcc/arm-none-eabi/7.2.1/thumb/v7e-m/fpv4-sp/hard/crtbegin.o
 .ARM.attributes
                0x00000056       0x39 StdPeriph_Driver/src/stm32f4xx_adc.o
 .ARM.attributes
                0x0000008f       0x39 StdPeriph_Driver/src/stm32f4xx_gpio.o
 .ARM.attributes
                0x000000c8       0x39 StdPeriph_Driver/src/stm32f4xx_rcc.o
 .ARM.attributes
                0x00000101       0x39 StdPeriph_Driver/src/stm32f4xx_tim.o
 .ARM.attributes
                0x0000013a       0x39 inc/tm_stm32f4_adc.o
 .ARM.attributes
                0x00000173       0x39 inc/tm_stm32f4_delay.o
 .ARM.attributes
                0x000001ac       0x39 inc/tm_stm32f4_ds18b20.o
 .ARM.attributes
                0x000001e5       0x39 inc/tm_stm32f4_gpio.o
 .ARM.attributes
                0x0000021e       0x39 inc/tm_stm32f4_hcsr04.o
 .ARM.attributes
                0x00000257       0x39 inc/tm_stm32f4_onewire.o
 .ARM.attributes
                0x00000290       0x39 inc/tm_stm32f4_pwm.o
 .ARM.attributes
                0x000002c9       0x39 inc/tm_stm32f4_timer_properties.o
 .ARM.attributes
                0x00000302       0x39 src/FCB_GPIO_Init.o
 .ARM.attributes
                0x0000033b       0x39 src/FCB_GPIO_Pins.o
 .ARM.attributes
                0x00000374       0x39 src/FCB_PWM.o
 .ARM.attributes
                0x000003ad       0x39 src/FCB_PressureSensor.o
 .ARM.attributes
                0x000003e6       0x39 src/FCB_SonarSensor.o
 .ARM.attributes
                0x0000041f       0x39 src/FCB_TempSensor.o
 .ARM.attributes
                0x00000458       0x39 src/main.o
 .ARM.attributes
                0x00000491       0x39 src/syscalls.o
 .ARM.attributes
                0x000004ca       0x39 src/system_stm32f4xx.o
 .ARM.attributes
                0x00000503       0x21 startup/startup_stm32.o
 .ARM.attributes
                0x00000524       0x22 c:/ac6/systemworkbench/plugins/fr.ac6.mcu.externaltools.arm-none.win32_1.16.0.201807130628/tools/compiler/bin/../lib/gcc/arm-none-eabi/7.2.1/thumb/v7e-m/fpv4-sp/hard\libgcc.a(_arm_addsubdf3.o)
 .ARM.attributes
                0x00000546       0x22 c:/ac6/systemworkbench/plugins/fr.ac6.mcu.externaltools.arm-none.win32_1.16.0.201807130628/tools/compiler/bin/../lib/gcc/arm-none-eabi/7.2.1/thumb/v7e-m/fpv4-sp/hard\libgcc.a(_arm_muldivdf3.o)
 .ARM.attributes
                0x00000568       0x22 c:/ac6/systemworkbench/plugins/fr.ac6.mcu.externaltools.arm-none.win32_1.16.0.201807130628/tools/compiler/bin/../lib/gcc/arm-none-eabi/7.2.1/thumb/v7e-m/fpv4-sp/hard\libgcc.a(_arm_cmpdf2.o)
 .ARM.attributes
                0x0000058a       0x22 c:/ac6/systemworkbench/plugins/fr.ac6.mcu.externaltools.arm-none.win32_1.16.0.201807130628/tools/compiler/bin/../lib/gcc/arm-none-eabi/7.2.1/thumb/v7e-m/fpv4-sp/hard\libgcc.a(_arm_fixunsdfsi.o)
 .ARM.attributes
                0x000005ac       0x22 c:/ac6/systemworkbench/plugins/fr.ac6.mcu.externaltools.arm-none.win32_1.16.0.201807130628/tools/compiler/bin/../lib/gcc/arm-none-eabi/7.2.1/thumb/v7e-m/fpv4-sp/hard\libgcc.a(_arm_truncdfsf2.o)
 .ARM.attributes
                0x000005ce       0x34 c:/ac6/systemworkbench/plugins/fr.ac6.mcu.externaltools.arm-none.win32_1.16.0.201807130628/tools/compiler/bin/../lib/gcc/arm-none-eabi/7.2.1/../../../../arm-none-eabi/lib/thumb/v7e-m/fpv4-sp/hard\libc.a(lib_a-errno.o)
 .ARM.attributes
                0x00000602       0x34 c:/ac6/systemworkbench/plugins/fr.ac6.mcu.externaltools.arm-none.win32_1.16.0.201807130628/tools/compiler/bin/../lib/gcc/arm-none-eabi/7.2.1/../../../../arm-none-eabi/lib/thumb/v7e-m/fpv4-sp/hard\libc.a(lib_a-impure.o)
 .ARM.attributes
                0x00000636       0x34 c:/ac6/systemworkbench/plugins/fr.ac6.mcu.externaltools.arm-none.win32_1.16.0.201807130628/tools/compiler/bin/../lib/gcc/arm-none-eabi/7.2.1/../../../../arm-none-eabi/lib/thumb/v7e-m/fpv4-sp/hard\libc.a(lib_a-init.o)
 .ARM.attributes
                0x0000066a       0x34 c:/ac6/systemworkbench/plugins/fr.ac6.mcu.externaltools.arm-none.win32_1.16.0.201807130628/tools/compiler/bin/../lib/gcc/arm-none-eabi/7.2.1/../../../../arm-none-eabi/lib/thumb/v7e-m/fpv4-sp/hard\libc.a(lib_a-malloc.o)
 .ARM.attributes
                0x0000069e       0x34 c:/ac6/systemworkbench/plugins/fr.ac6.mcu.externaltools.arm-none.win32_1.16.0.201807130628/tools/compiler/bin/../lib/gcc/arm-none-eabi/7.2.1/../../../../arm-none-eabi/lib/thumb/v7e-m/fpv4-sp/hard\libc.a(lib_a-mallocr.o)
 .ARM.attributes
                0x000006d2       0x34 c:/ac6/systemworkbench/plugins/fr.ac6.mcu.externaltools.arm-none.win32_1.16.0.201807130628/tools/compiler/bin/../lib/gcc/arm-none-eabi/7.2.1/../../../../arm-none-eabi/lib/thumb/v7e-m/fpv4-sp/hard\libc.a(lib_a-mlock.o)
 .ARM.attributes
                0x00000706       0x34 c:/ac6/systemworkbench/plugins/fr.ac6.mcu.externaltools.arm-none.win32_1.16.0.201807130628/tools/compiler/bin/../lib/gcc/arm-none-eabi/7.2.1/../../../../arm-none-eabi/lib/thumb/v7e-m/fpv4-sp/hard\libc.a(lib_a-sbrkr.o)
 .ARM.attributes
                0x0000073a       0x34 c:/ac6/systemworkbench/plugins/fr.ac6.mcu.externaltools.arm-none.win32_1.16.0.201807130628/tools/compiler/bin/../lib/gcc/arm-none-eabi/7.2.1/../../../../arm-none-eabi/lib/thumb/v7e-m/fpv4-sp/hard\libc.a(lib_a-__call_atexit.o)
 .ARM.attributes
                0x0000076e       0x34 c:/ac6/systemworkbench/plugins/fr.ac6.mcu.externaltools.arm-none.win32_1.16.0.201807130628/tools/compiler/bin/../lib/gcc/arm-none-eabi/7.2.1/../../../../arm-none-eabi/lib/thumb/v7e-m/fpv4-sp/hard\libc.a(lib_a-atexit.o)
 .ARM.attributes
                0x000007a2       0x34 c:/ac6/systemworkbench/plugins/fr.ac6.mcu.externaltools.arm-none.win32_1.16.0.201807130628/tools/compiler/bin/../lib/gcc/arm-none-eabi/7.2.1/../../../../arm-none-eabi/lib/thumb/v7e-m/fpv4-sp/hard\libc.a(lib_a-fini.o)
 .ARM.attributes
                0x000007d6       0x34 c:/ac6/systemworkbench/plugins/fr.ac6.mcu.externaltools.arm-none.win32_1.16.0.201807130628/tools/compiler/bin/../lib/gcc/arm-none-eabi/7.2.1/../../../../arm-none-eabi/lib/thumb/v7e-m/fpv4-sp/hard\libc.a(lib_a-freer.o)
 .ARM.attributes
                0x0000080a       0x34 c:/ac6/systemworkbench/plugins/fr.ac6.mcu.externaltools.arm-none.win32_1.16.0.201807130628/tools/compiler/bin/../lib/gcc/arm-none-eabi/7.2.1/../../../../arm-none-eabi/lib/thumb/v7e-m/fpv4-sp/hard\libc.a(lib_a-lock.o)
 .ARM.attributes
                0x0000083e       0x34 c:/ac6/systemworkbench/plugins/fr.ac6.mcu.externaltools.arm-none.win32_1.16.0.201807130628/tools/compiler/bin/../lib/gcc/arm-none-eabi/7.2.1/../../../../arm-none-eabi/lib/thumb/v7e-m/fpv4-sp/hard\libc.a(lib_a-reent.o)
 .ARM.attributes
                0x00000872       0x34 c:/ac6/systemworkbench/plugins/fr.ac6.mcu.externaltools.arm-none.win32_1.16.0.201807130628/tools/compiler/bin/../lib/gcc/arm-none-eabi/7.2.1/../../../../arm-none-eabi/lib/thumb/v7e-m/fpv4-sp/hard\libc.a(lib_a-__atexit.o)
 .ARM.attributes
                0x000008a6       0x22 c:/ac6/systemworkbench/plugins/fr.ac6.mcu.externaltools.arm-none.win32_1.16.0.201807130628/tools/compiler/bin/../lib/gcc/arm-none-eabi/7.2.1/thumb/v7e-m/fpv4-sp/hard/crtn.o
OUTPUT(Fast Cold Brew.elf elf32-littlearm)

.debug_info     0x00000000    0x11c6d
 .debug_info    0x00000000      0xc4e StdPeriph_Driver/src/stm32f4xx_adc.o
 .debug_info    0x00000c4e      0x62b StdPeriph_Driver/src/stm32f4xx_gpio.o
 .debug_info    0x00001279      0xd6d StdPeriph_Driver/src/stm32f4xx_rcc.o
 .debug_info    0x00001fe6     0x1c73 StdPeriph_Driver/src/stm32f4xx_tim.o
 .debug_info    0x00003c59      0xa53 inc/tm_stm32f4_adc.o
 .debug_info    0x000046ac     0x11b6 inc/tm_stm32f4_delay.o
 .debug_info    0x00005862      0xe49 inc/tm_stm32f4_ds18b20.o
 .debug_info    0x000066ab      0x87d inc/tm_stm32f4_gpio.o
 .debug_info    0x00006f28      0xbab inc/tm_stm32f4_hcsr04.o
 .debug_info    0x00007ad3     0x1004 inc/tm_stm32f4_onewire.o
 .debug_info    0x00008ad7      0xb43 inc/tm_stm32f4_pwm.o
 .debug_info    0x0000961a      0x48b inc/tm_stm32f4_timer_properties.o
 .debug_info    0x00009aa5      0xa57 src/FCB_GPIO_Init.o
 .debug_info    0x0000a4fc      0x968 src/FCB_GPIO_Pins.o
 .debug_info    0x0000ae64      0xbe0 src/FCB_PWM.o
 .debug_info    0x0000ba44     0x1163 src/FCB_PressureSensor.o
 .debug_info    0x0000cba7     0x108b src/FCB_SonarSensor.o
 .debug_info    0x0000dc32     0x1103 src/FCB_TempSensor.o
 .debug_info    0x0000ed35     0x1a2a src/main.o
 .debug_info    0x0001075f      0xf2e src/syscalls.o
 .debug_info    0x0001168d      0x5be src/system_stm32f4xx.o
 .debug_info    0x00011c4b       0x22 startup/startup_stm32.o

.debug_abbrev   0x00000000     0x2b85
 .debug_abbrev  0x00000000      0x1b0 StdPeriph_Driver/src/stm32f4xx_adc.o
 .debug_abbrev  0x000001b0      0x1bf StdPeriph_Driver/src/stm32f4xx_gpio.o
 .debug_abbrev  0x0000036f      0x1d4 StdPeriph_Driver/src/stm32f4xx_rcc.o
 .debug_abbrev  0x00000543      0x19f StdPeriph_Driver/src/stm32f4xx_tim.o
 .debug_abbrev  0x000006e2      0x1b9 inc/tm_stm32f4_adc.o
 .debug_abbrev  0x0000089b      0x37d inc/tm_stm32f4_delay.o
 .debug_abbrev  0x00000c18      0x2c2 inc/tm_stm32f4_ds18b20.o
 .debug_abbrev  0x00000eda      0x181 inc/tm_stm32f4_gpio.o
 .debug_abbrev  0x0000105b      0x212 inc/tm_stm32f4_hcsr04.o
 .debug_abbrev  0x0000126d      0x30c inc/tm_stm32f4_onewire.o
 .debug_abbrev  0x00001579      0x18f inc/tm_stm32f4_pwm.o
 .debug_abbrev  0x00001708      0x13f inc/tm_stm32f4_timer_properties.o
 .debug_abbrev  0x00001847      0x179 src/FCB_GPIO_Init.o
 .debug_abbrev  0x000019c0      0x172 src/FCB_GPIO_Pins.o
 .debug_abbrev  0x00001b32      0x1a6 src/FCB_PWM.o
 .debug_abbrev  0x00001cd8      0x278 src/FCB_PressureSensor.o
 .debug_abbrev  0x00001f50      0x2c3 src/FCB_SonarSensor.o
 .debug_abbrev  0x00002213      0x225 src/FCB_TempSensor.o
 .debug_abbrev  0x00002438      0x359 src/main.o
 .debug_abbrev  0x00002791      0x2aa src/syscalls.o
 .debug_abbrev  0x00002a3b      0x138 src/system_stm32f4xx.o
 .debug_abbrev  0x00002b73       0x12 startup/startup_stm32.o

.debug_aranges  0x00000000      0xda0
 .debug_aranges
                0x00000000      0x148 StdPeriph_Driver/src/stm32f4xx_adc.o
 .debug_aranges
                0x00000148       0x88 StdPeriph_Driver/src/stm32f4xx_gpio.o
 .debug_aranges
                0x000001d0      0x198 StdPeriph_Driver/src/stm32f4xx_rcc.o
 .debug_aranges
                0x00000368      0x2f8 StdPeriph_Driver/src/stm32f4xx_tim.o
 .debug_aranges
                0x00000660       0xd0 inc/tm_stm32f4_adc.o
 .debug_aranges
                0x00000730       0x80 inc/tm_stm32f4_delay.o
 .debug_aranges
                0x000007b0       0x70 inc/tm_stm32f4_ds18b20.o
 .debug_aranges
                0x00000820       0x98 inc/tm_stm32f4_gpio.o
 .debug_aranges
                0x000008b8       0x30 inc/tm_stm32f4_hcsr04.o
 .debug_aranges
                0x000008e8       0xb0 inc/tm_stm32f4_onewire.o
 .debug_aranges
                0x00000998       0xa0 inc/tm_stm32f4_pwm.o
 .debug_aranges
                0x00000a38       0x38 inc/tm_stm32f4_timer_properties.o
 .debug_aranges
                0x00000a70       0x38 src/FCB_GPIO_Init.o
 .debug_aranges
                0x00000aa8       0x58 src/FCB_GPIO_Pins.o
 .debug_aranges
                0x00000b00       0x50 src/FCB_PWM.o
 .debug_aranges
                0x00000b50       0x40 src/FCB_PressureSensor.o
 .debug_aranges
                0x00000b90       0x40 src/FCB_SonarSensor.o
 .debug_aranges
                0x00000bd0       0x38 src/FCB_TempSensor.o
 .debug_aranges
                0x00000c08       0x90 src/main.o
 .debug_aranges
                0x00000c98       0xb0 src/syscalls.o
 .debug_aranges
                0x00000d48       0x30 src/system_stm32f4xx.o
 .debug_aranges
                0x00000d78       0x28 startup/startup_stm32.o

.debug_ranges   0x00000000      0xc48
 .debug_ranges  0x00000000      0x138 StdPeriph_Driver/src/stm32f4xx_adc.o
 .debug_ranges  0x00000138       0x78 StdPeriph_Driver/src/stm32f4xx_gpio.o
 .debug_ranges  0x000001b0      0x188 StdPeriph_Driver/src/stm32f4xx_rcc.o
 .debug_ranges  0x00000338      0x2e8 StdPeriph_Driver/src/stm32f4xx_tim.o
 .debug_ranges  0x00000620       0xc0 inc/tm_stm32f4_adc.o
 .debug_ranges  0x000006e0       0x70 inc/tm_stm32f4_delay.o
 .debug_ranges  0x00000750       0x60 inc/tm_stm32f4_ds18b20.o
 .debug_ranges  0x000007b0       0x88 inc/tm_stm32f4_gpio.o
 .debug_ranges  0x00000838       0x20 inc/tm_stm32f4_hcsr04.o
 .debug_ranges  0x00000858       0xa0 inc/tm_stm32f4_onewire.o
 .debug_ranges  0x000008f8       0x90 inc/tm_stm32f4_pwm.o
 .debug_ranges  0x00000988       0x28 inc/tm_stm32f4_timer_properties.o
 .debug_ranges  0x000009b0       0x28 src/FCB_GPIO_Init.o
 .debug_ranges  0x000009d8       0x48 src/FCB_GPIO_Pins.o
 .debug_ranges  0x00000a20       0x40 src/FCB_PWM.o
 .debug_ranges  0x00000a60       0x30 src/FCB_PressureSensor.o
 .debug_ranges  0x00000a90       0x30 src/FCB_SonarSensor.o
 .debug_ranges  0x00000ac0       0x28 src/FCB_TempSensor.o
 .debug_ranges  0x00000ae8       0x80 src/main.o
 .debug_ranges  0x00000b68       0xa0 src/syscalls.o
 .debug_ranges  0x00000c08       0x20 src/system_stm32f4xx.o
 .debug_ranges  0x00000c28       0x20 startup/startup_stm32.o

.debug_macro    0x00000000     0x5073
 .debug_macro   0x00000000      0x213 StdPeriph_Driver/src/stm32f4xx_adc.o
 .debug_macro   0x00000213       0x82 StdPeriph_Driver/src/stm32f4xx_adc.o
 .debug_macro   0x00000295      0x18f StdPeriph_Driver/src/stm32f4xx_gpio.o
 .debug_macro   0x00000424      0x2ee StdPeriph_Driver/src/stm32f4xx_gpio.o
 .debug_macro   0x00000712      0x25e StdPeriph_Driver/src/stm32f4xx_rcc.o
 .debug_macro   0x00000970      0x1b9 StdPeriph_Driver/src/stm32f4xx_tim.o
 .debug_macro   0x00000b29      0x735 StdPeriph_Driver/src/stm32f4xx_tim.o
 .debug_macro   0x0000125e      0x1af inc/tm_stm32f4_adc.o
 .debug_macro   0x0000140d       0xaf inc/tm_stm32f4_adc.o
 .debug_macro   0x000014bc       0x24 inc/tm_stm32f4_adc.o
 .debug_macro   0x000014e0      0x270 inc/tm_stm32f4_delay.o
 .debug_macro   0x00001750       0x16 inc/tm_stm32f4_delay.o
 .debug_macro   0x00001766       0x17 inc/tm_stm32f4_delay.o
 .debug_macro   0x0000177d       0x58 inc/tm_stm32f4_delay.o
 .debug_macro   0x000017d5       0x35 inc/tm_stm32f4_delay.o
 .debug_macro   0x0000180a       0x9c inc/tm_stm32f4_delay.o
 .debug_macro   0x000018a6       0x16 inc/tm_stm32f4_delay.o
 .debug_macro   0x000018bc      0x10e inc/tm_stm32f4_delay.o
 .debug_macro   0x000019ca       0x8d inc/tm_stm32f4_delay.o
 .debug_macro   0x00001a57       0x58 inc/tm_stm32f4_delay.o
 .debug_macro   0x00001aaf       0x1f inc/tm_stm32f4_delay.o
 .debug_macro   0x00001ace       0x43 inc/tm_stm32f4_delay.o
 .debug_macro   0x00001b11       0x20 inc/tm_stm32f4_delay.o
 .debug_macro   0x00001b31      0x18e inc/tm_stm32f4_delay.o
 .debug_macro   0x00001cbf      0x330 inc/tm_stm32f4_delay.o
 .debug_macro   0x00001fef       0x16 inc/tm_stm32f4_delay.o
 .debug_macro   0x00002005       0x29 inc/tm_stm32f4_delay.o
 .debug_macro   0x0000202e       0x35 inc/tm_stm32f4_delay.o
 .debug_macro   0x00002063      0x298 inc/tm_stm32f4_ds18b20.o
 .debug_macro   0x000022fb       0x58 inc/tm_stm32f4_ds18b20.o
 .debug_macro   0x00002353       0x4a inc/tm_stm32f4_ds18b20.o
 .debug_macro   0x0000239d      0x19e inc/tm_stm32f4_gpio.o
 .debug_macro   0x0000253b       0xa9 inc/tm_stm32f4_gpio.o
 .debug_macro   0x000025e4      0x290 inc/tm_stm32f4_hcsr04.o
 .debug_macro   0x00002874       0x10 inc/tm_stm32f4_hcsr04.o
 .debug_macro   0x00002884      0x289 inc/tm_stm32f4_onewire.o
 .debug_macro   0x00002b0d      0x1b4 inc/tm_stm32f4_pwm.o
 .debug_macro   0x00002cc1      0x19d inc/tm_stm32f4_timer_properties.o
 .debug_macro   0x00002e5e      0x1d4 src/FCB_GPIO_Init.o
 .debug_macro   0x00003032       0x2a src/FCB_GPIO_Init.o
 .debug_macro   0x0000305c      0x1ca src/FCB_GPIO_Pins.o
 .debug_macro   0x00003226      0x1f8 src/FCB_PWM.o
 .debug_macro   0x0000341e      0x2b8 src/FCB_PressureSensor.o
 .debug_macro   0x000036d6      0x2c7 src/FCB_SonarSensor.o
 .debug_macro   0x0000399d      0x2ea src/FCB_TempSensor.o
 .debug_macro   0x00003c87      0x327 src/main.o
 .debug_macro   0x00003fae      0x243 src/syscalls.o
 .debug_macro   0x000041f1       0x52 src/syscalls.o
 .debug_macro   0x00004243       0x8d src/syscalls.o
 .debug_macro   0x000042d0       0x57 src/syscalls.o
 .debug_macro   0x00004327      0x174 src/syscalls.o
 .debug_macro   0x0000449b       0x10 src/syscalls.o
 .debug_macro   0x000044ab       0x35 src/syscalls.o
 .debug_macro   0x000044e0       0x10 src/syscalls.o
 .debug_macro   0x000044f0       0x10 src/syscalls.o
 .debug_macro   0x00004500       0x10 src/syscalls.o
 .debug_macro   0x00004510       0x1c src/syscalls.o
 .debug_macro   0x0000452c       0x52 src/syscalls.o
 .debug_macro   0x0000457e       0x40 src/syscalls.o
 .debug_macro   0x000045be       0x10 src/syscalls.o
 .debug_macro   0x000045ce       0x40 src/syscalls.o
 .debug_macro   0x0000460e       0xd7 src/syscalls.o
 .debug_macro   0x000046e5       0x1c src/syscalls.o
 .debug_macro   0x00004701       0x3d src/syscalls.o
 .debug_macro   0x0000473e       0x35 src/syscalls.o
 .debug_macro   0x00004773      0x122 src/syscalls.o
 .debug_macro   0x00004895       0x10 src/syscalls.o
 .debug_macro   0x000048a5      0x241 src/syscalls.o
 .debug_macro   0x00004ae6       0x1c src/syscalls.o
 .debug_macro   0x00004b02       0x10 src/syscalls.o
 .debug_macro   0x00004b12       0x10 src/syscalls.o
 .debug_macro   0x00004b22       0x16 src/syscalls.o
 .debug_macro   0x00004b38      0x16f src/syscalls.o
 .debug_macro   0x00004ca7      0x189 src/syscalls.o
 .debug_macro   0x00004e30       0x16 src/syscalls.o
 .debug_macro   0x00004e46       0x88 src/syscalls.o
 .debug_macro   0x00004ece      0x1a5 src/system_stm32f4xx.o

.debug_line     0x00000000     0xaa58
 .debug_line    0x00000000      0x922 StdPeriph_Driver/src/stm32f4xx_adc.o
 .debug_line    0x00000922      0x734 StdPeriph_Driver/src/stm32f4xx_gpio.o
 .debug_line    0x00001056      0x9be StdPeriph_Driver/src/stm32f4xx_rcc.o
 .debug_line    0x00001a14      0xe86 StdPeriph_Driver/src/stm32f4xx_tim.o
 .debug_line    0x0000289a      0x801 inc/tm_stm32f4_adc.o
 .debug_line    0x0000309b      0x7fb inc/tm_stm32f4_delay.o
 .debug_line    0x00003896      0x81e inc/tm_stm32f4_ds18b20.o
 .debug_line    0x000040b4      0x786 inc/tm_stm32f4_gpio.o
 .debug_line    0x0000483a      0x6f3 inc/tm_stm32f4_hcsr04.o
 .debug_line    0x00004f2d      0x92f inc/tm_stm32f4_onewire.o
 .debug_line    0x0000585c      0x8fc inc/tm_stm32f4_pwm.o
 .debug_line    0x00006158      0x69a inc/tm_stm32f4_timer_properties.o
 .debug_line    0x000067f2      0x6e6 src/FCB_GPIO_Init.o
 .debug_line    0x00006ed8      0x789 src/FCB_GPIO_Pins.o
 .debug_line    0x00007661      0x71b src/FCB_PWM.o
 .debug_line    0x00007d7c      0x77e src/FCB_PressureSensor.o
 .debug_line    0x000084fa      0x790 src/FCB_SonarSensor.o
 .debug_line    0x00008c8a      0x7c5 src/FCB_TempSensor.o
 .debug_line    0x0000944f      0x9a9 src/main.o
 .debug_line    0x00009df8      0x5df src/syscalls.o
 .debug_line    0x0000a3d7      0x605 src/system_stm32f4xx.o
 .debug_line    0x0000a9dc       0x7c startup/startup_stm32.o

.debug_str      0x00000000    0x5d523
 .debug_str     0x00000000    0x536fe StdPeriph_Driver/src/stm32f4xx_adc.o
                              0x538da (size before relaxing)
 .debug_str     0x000536fe      0x213 StdPeriph_Driver/src/stm32f4xx_gpio.o
                              0x53293 (size before relaxing)
 .debug_str     0x00053911      0xce9 StdPeriph_Driver/src/stm32f4xx_rcc.o
                              0x53cf2 (size before relaxing)
 .debug_str     0x000545fa      0xc23 StdPeriph_Driver/src/stm32f4xx_tim.o
                              0x53c8a (size before relaxing)
 .debug_str     0x0005521d      0x9d4 inc/tm_stm32f4_adc.o
                              0x53c4f (size before relaxing)
 .debug_str     0x00055bf1     0x3732 inc/tm_stm32f4_delay.o
                              0x56813 (size before relaxing)
 .debug_str     0x00059323      0x5f4 inc/tm_stm32f4_ds18b20.o
                              0x56c56 (size before relaxing)
 .debug_str     0x00059917      0x1b9 inc/tm_stm32f4_gpio.o
                              0x53860 (size before relaxing)
 .debug_str     0x00059ad0       0xd4 inc/tm_stm32f4_hcsr04.o
                              0x56825 (size before relaxing)
 .debug_str     0x00059ba4      0x251 inc/tm_stm32f4_onewire.o
                              0x56c70 (size before relaxing)
 .debug_str     0x00059df5      0x3df inc/tm_stm32f4_pwm.o
                              0x53b0a (size before relaxing)
 .debug_str     0x0005a1d4      0x1ae inc/tm_stm32f4_timer_properties.o
                              0x532f3 (size before relaxing)
 .debug_str     0x0005a382      0x4a7 src/FCB_GPIO_Init.o
                              0x53ce0 (size before relaxing)
 .debug_str     0x0005a829       0xa7 src/FCB_GPIO_Pins.o
                              0x53b7f (size before relaxing)
 .debug_str     0x0005a8d0      0x163 src/FCB_PWM.o
                              0x53e2d (size before relaxing)
 .debug_str     0x0005aa33      0x193 src/FCB_PressureSensor.o
                              0x56df3 (size before relaxing)
 .debug_str     0x0005abc6      0x108 src/FCB_SonarSensor.o
                              0x56dd4 (size before relaxing)
 .debug_str     0x0005acce      0x1b9 src/FCB_TempSensor.o
                              0x5724a (size before relaxing)
 .debug_str     0x0005ae87      0x246 src/main.o
                              0x578fd (size before relaxing)
 .debug_str     0x0005b0cd     0x237e src/syscalls.o
                               0x86f9 (size before relaxing)
 .debug_str     0x0005d44b       0xae src/system_stm32f4xx.o
                              0x531b3 (size before relaxing)
 .debug_str     0x0005d4f9       0x2a startup/startup_stm32.o
                                 0x67 (size before relaxing)

.comment        0x00000000       0x7e
 .comment       0x00000000       0x7e StdPeriph_Driver/src/stm32f4xx_adc.o
                                 0x7f (size before relaxing)
 .comment       0x0000007e       0x7f StdPeriph_Driver/src/stm32f4xx_gpio.o
 .comment       0x0000007e       0x7f StdPeriph_Driver/src/stm32f4xx_rcc.o
 .comment       0x0000007e       0x7f StdPeriph_Driver/src/stm32f4xx_tim.o
 .comment       0x0000007e       0x7f inc/tm_stm32f4_adc.o
 .comment       0x0000007e       0x7f inc/tm_stm32f4_delay.o
 .comment       0x0000007e       0x7f inc/tm_stm32f4_ds18b20.o
 .comment       0x0000007e       0x7f inc/tm_stm32f4_gpio.o
 .comment       0x0000007e       0x7f inc/tm_stm32f4_hcsr04.o
 .comment       0x0000007e       0x7f inc/tm_stm32f4_onewire.o
 .comment       0x0000007e       0x7f inc/tm_stm32f4_pwm.o
 .comment       0x0000007e       0x7f inc/tm_stm32f4_timer_properties.o
 .comment       0x0000007e       0x7f src/FCB_GPIO_Init.o
 .comment       0x0000007e       0x7f src/FCB_GPIO_Pins.o
 .comment       0x0000007e       0x7f src/FCB_PWM.o
 .comment       0x0000007e       0x7f src/FCB_PressureSensor.o
 .comment       0x0000007e       0x7f src/FCB_SonarSensor.o
 .comment       0x0000007e       0x7f src/FCB_TempSensor.o
 .comment       0x0000007e       0x7f src/main.o
 .comment       0x0000007e       0x7f src/syscalls.o
 .comment       0x0000007e       0x7f src/system_stm32f4xx.o

.debug_frame    0x00000000     0x3dd0
 .debug_frame   0x00000000      0x5ec StdPeriph_Driver/src/stm32f4xx_adc.o
 .debug_frame   0x000005ec      0x23c StdPeriph_Driver/src/stm32f4xx_gpio.o
 .debug_frame   0x00000828      0x774 StdPeriph_Driver/src/stm32f4xx_rcc.o
 .debug_frame   0x00000f9c      0xe54 StdPeriph_Driver/src/stm32f4xx_tim.o
 .debug_frame   0x00001df0      0x344 inc/tm_stm32f4_adc.o
 .debug_frame   0x00002134      0x1ec inc/tm_stm32f4_delay.o
 .debug_frame   0x00002320      0x1a4 inc/tm_stm32f4_ds18b20.o
 .debug_frame   0x000024c4      0x274 inc/tm_stm32f4_gpio.o
 .debug_frame   0x00002738       0x80 inc/tm_stm32f4_hcsr04.o
 .debug_frame   0x000027b8      0x2d8 inc/tm_stm32f4_onewire.o
 .debug_frame   0x00002a90      0x298 inc/tm_stm32f4_pwm.o
 .debug_frame   0x00002d28       0xa4 inc/tm_stm32f4_timer_properties.o
 .debug_frame   0x00002dcc       0xa4 src/FCB_GPIO_Init.o
 .debug_frame   0x00002e70      0x14c src/FCB_GPIO_Pins.o
 .debug_frame   0x00002fbc      0x10c src/FCB_PWM.o
 .debug_frame   0x000030c8       0xbc src/FCB_PressureSensor.o
 .debug_frame   0x00003184       0xbc src/FCB_SonarSensor.o
 .debug_frame   0x00003240       0x98 src/FCB_TempSensor.o
 .debug_frame   0x000032d8      0x204 src/main.o
 .debug_frame   0x000034dc      0x2d0 src/syscalls.o
 .debug_frame   0x000037ac       0x74 src/system_stm32f4xx.o
 .debug_frame   0x00003820       0xac c:/ac6/systemworkbench/plugins/fr.ac6.mcu.externaltools.arm-none.win32_1.16.0.201807130628/tools/compiler/bin/../lib/gcc/arm-none-eabi/7.2.1/thumb/v7e-m/fpv4-sp/hard\libgcc.a(_arm_addsubdf3.o)
 .debug_frame   0x000038cc       0x50 c:/ac6/systemworkbench/plugins/fr.ac6.mcu.externaltools.arm-none.win32_1.16.0.201807130628/tools/compiler/bin/../lib/gcc/arm-none-eabi/7.2.1/thumb/v7e-m/fpv4-sp/hard\libgcc.a(_arm_muldivdf3.o)
 .debug_frame   0x0000391c       0xc4 c:/ac6/systemworkbench/plugins/fr.ac6.mcu.externaltools.arm-none.win32_1.16.0.201807130628/tools/compiler/bin/../lib/gcc/arm-none-eabi/7.2.1/thumb/v7e-m/fpv4-sp/hard\libgcc.a(_arm_cmpdf2.o)
 .debug_frame   0x000039e0       0x24 c:/ac6/systemworkbench/plugins/fr.ac6.mcu.externaltools.arm-none.win32_1.16.0.201807130628/tools/compiler/bin/../lib/gcc/arm-none-eabi/7.2.1/thumb/v7e-m/fpv4-sp/hard\libgcc.a(_arm_fixunsdfsi.o)
 .debug_frame   0x00003a04       0x24 c:/ac6/systemworkbench/plugins/fr.ac6.mcu.externaltools.arm-none.win32_1.16.0.201807130628/tools/compiler/bin/../lib/gcc/arm-none-eabi/7.2.1/thumb/v7e-m/fpv4-sp/hard\libgcc.a(_arm_truncdfsf2.o)
 .debug_frame   0x00003a28       0x20 c:/ac6/systemworkbench/plugins/fr.ac6.mcu.externaltools.arm-none.win32_1.16.0.201807130628/tools/compiler/bin/../lib/gcc/arm-none-eabi/7.2.1/../../../../arm-none-eabi/lib/thumb/v7e-m/fpv4-sp/hard\libc.a(lib_a-errno.o)
 .debug_frame   0x00003a48       0x2c c:/ac6/systemworkbench/plugins/fr.ac6.mcu.externaltools.arm-none.win32_1.16.0.201807130628/tools/compiler/bin/../lib/gcc/arm-none-eabi/7.2.1/../../../../arm-none-eabi/lib/thumb/v7e-m/fpv4-sp/hard\libc.a(lib_a-init.o)
 .debug_frame   0x00003a74       0x30 c:/ac6/systemworkbench/plugins/fr.ac6.mcu.externaltools.arm-none.win32_1.16.0.201807130628/tools/compiler/bin/../lib/gcc/arm-none-eabi/7.2.1/../../../../arm-none-eabi/lib/thumb/v7e-m/fpv4-sp/hard\libc.a(lib_a-malloc.o)
 .debug_frame   0x00003aa4       0x54 c:/ac6/systemworkbench/plugins/fr.ac6.mcu.externaltools.arm-none.win32_1.16.0.201807130628/tools/compiler/bin/../lib/gcc/arm-none-eabi/7.2.1/../../../../arm-none-eabi/lib/thumb/v7e-m/fpv4-sp/hard\libc.a(lib_a-mallocr.o)
 .debug_frame   0x00003af8       0x30 c:/ac6/systemworkbench/plugins/fr.ac6.mcu.externaltools.arm-none.win32_1.16.0.201807130628/tools/compiler/bin/../lib/gcc/arm-none-eabi/7.2.1/../../../../arm-none-eabi/lib/thumb/v7e-m/fpv4-sp/hard\libc.a(lib_a-mlock.o)
 .debug_frame   0x00003b28       0x2c c:/ac6/systemworkbench/plugins/fr.ac6.mcu.externaltools.arm-none.win32_1.16.0.201807130628/tools/compiler/bin/../lib/gcc/arm-none-eabi/7.2.1/../../../../arm-none-eabi/lib/thumb/v7e-m/fpv4-sp/hard\libc.a(lib_a-sbrkr.o)
 .debug_frame   0x00003b54       0x5c c:/ac6/systemworkbench/plugins/fr.ac6.mcu.externaltools.arm-none.win32_1.16.0.201807130628/tools/compiler/bin/../lib/gcc/arm-none-eabi/7.2.1/../../../../arm-none-eabi/lib/thumb/v7e-m/fpv4-sp/hard\libc.a(lib_a-__call_atexit.o)
 .debug_frame   0x00003bb0       0x20 c:/ac6/systemworkbench/plugins/fr.ac6.mcu.externaltools.arm-none.win32_1.16.0.201807130628/tools/compiler/bin/../lib/gcc/arm-none-eabi/7.2.1/../../../../arm-none-eabi/lib/thumb/v7e-m/fpv4-sp/hard\libc.a(lib_a-atexit.o)
 .debug_frame   0x00003bd0       0x34 c:/ac6/systemworkbench/plugins/fr.ac6.mcu.externaltools.arm-none.win32_1.16.0.201807130628/tools/compiler/bin/../lib/gcc/arm-none-eabi/7.2.1/../../../../arm-none-eabi/lib/thumb/v7e-m/fpv4-sp/hard\libc.a(lib_a-fini.o)
 .debug_frame   0x00003c04       0x80 c:/ac6/systemworkbench/plugins/fr.ac6.mcu.externaltools.arm-none.win32_1.16.0.201807130628/tools/compiler/bin/../lib/gcc/arm-none-eabi/7.2.1/../../../../arm-none-eabi/lib/thumb/v7e-m/fpv4-sp/hard\libc.a(lib_a-freer.o)
 .debug_frame   0x00003c84       0xb0 c:/ac6/systemworkbench/plugins/fr.ac6.mcu.externaltools.arm-none.win32_1.16.0.201807130628/tools/compiler/bin/../lib/gcc/arm-none-eabi/7.2.1/../../../../arm-none-eabi/lib/thumb/v7e-m/fpv4-sp/hard\libc.a(lib_a-lock.o)
 .debug_frame   0x00003d34       0x68 c:/ac6/systemworkbench/plugins/fr.ac6.mcu.externaltools.arm-none.win32_1.16.0.201807130628/tools/compiler/bin/../lib/gcc/arm-none-eabi/7.2.1/../../../../arm-none-eabi/lib/thumb/v7e-m/fpv4-sp/hard\libc.a(lib_a-reent.o)
 .debug_frame   0x00003d9c       0x34 c:/ac6/systemworkbench/plugins/fr.ac6.mcu.externaltools.arm-none.win32_1.16.0.201807130628/tools/compiler/bin/../lib/gcc/arm-none-eabi/7.2.1/../../../../arm-none-eabi/lib/thumb/v7e-m/fpv4-sp/hard\libc.a(lib_a-__atexit.o)
