Archive member included to satisfy reference by file (symbol)

c:/ac6/systemworkbench/plugins/fr.ac6.mcu.externaltools.arm-none.win32_1.16.0.201807130628/tools/compiler/bin/../lib/gcc/arm-none-eabi/7.2.1/thumb/v7e-m/fpv4-sp/hard\libgcc.a(_arm_addsubdf3.o)
                              inc/tm_stm32f4_pwm.o (__aeabi_ui2d)
c:/ac6/systemworkbench/plugins/fr.ac6.mcu.externaltools.arm-none.win32_1.16.0.201807130628/tools/compiler/bin/../lib/gcc/arm-none-eabi/7.2.1/thumb/v7e-m/fpv4-sp/hard\libgcc.a(_arm_muldivdf3.o)
                              src/FCB_PressureSensor.o (__aeabi_dmul)
c:/ac6/systemworkbench/plugins/fr.ac6.mcu.externaltools.arm-none.win32_1.16.0.201807130628/tools/compiler/bin/../lib/gcc/arm-none-eabi/7.2.1/thumb/v7e-m/fpv4-sp/hard\libgcc.a(_arm_cmpdf2.o)
                              inc/tm_stm32f4_pwm.o (__aeabi_dcmpeq)
c:/ac6/systemworkbench/plugins/fr.ac6.mcu.externaltools.arm-none.win32_1.16.0.201807130628/tools/compiler/bin/../lib/gcc/arm-none-eabi/7.2.1/thumb/v7e-m/fpv4-sp/hard\libgcc.a(_arm_fixunsdfsi.o)
                              inc/tm_stm32f4_pwm.o (__aeabi_d2uiz)
c:/ac6/systemworkbench/plugins/fr.ac6.mcu.externaltools.arm-none.win32_1.16.0.201807130628/tools/compiler/bin/../lib/gcc/arm-none-eabi/7.2.1/thumb/v7e-m/fpv4-sp/hard\libgcc.a(_arm_truncdfsf2.o)
                              src/FCB_PressureSensor.o (__aeabi_d2f)
c:/ac6/systemworkbench/plugins/fr.ac6.mcu.externaltools.arm-none.win32_1.16.0.201807130628/tools/compiler/bin/../lib/gcc/arm-none-eabi/7.2.1/../../../../arm-none-eabi/lib/thumb/v7e-m/fpv4-sp/hard\libc.a(lib_a-errno.o)
                              src/syscalls.o (__errno)
c:/ac6/systemworkbench/plugins/fr.ac6.mcu.externaltools.arm-none.win32_1.16.0.201807130628/tools/compiler/bin/../lib/gcc/arm-none-eabi/7.2.1/../../../../arm-none-eabi/lib/thumb/v7e-m/fpv4-sp/hard\libc.a(lib_a-exit.o)
                              c:/ac6/systemworkbench/plugins/fr.ac6.mcu.externaltools.arm-none.win32_1.16.0.201807130628/tools/compiler/bin/../lib/gcc/arm-none-eabi/7.2.1/../../../../arm-none-eabi/lib/thumb/v7e-m/fpv4-sp/hard/crt0.o (exit)
c:/ac6/systemworkbench/plugins/fr.ac6.mcu.externaltools.arm-none.win32_1.16.0.201807130628/tools/compiler/bin/../lib/gcc/arm-none-eabi/7.2.1/../../../../arm-none-eabi/lib/thumb/v7e-m/fpv4-sp/hard\libc.a(lib_a-impure.o)
                              c:/ac6/systemworkbench/plugins/fr.ac6.mcu.externaltools.arm-none.win32_1.16.0.201807130628/tools/compiler/bin/../lib/gcc/arm-none-eabi/7.2.1/../../../../arm-none-eabi/lib/thumb/v7e-m/fpv4-sp/hard\libc.a(lib_a-exit.o) (_global_impure_ptr)
c:/ac6/systemworkbench/plugins/fr.ac6.mcu.externaltools.arm-none.win32_1.16.0.201807130628/tools/compiler/bin/../lib/gcc/arm-none-eabi/7.2.1/../../../../arm-none-eabi/lib/thumb/v7e-m/fpv4-sp/hard\libc.a(lib_a-init.o)
                              c:/ac6/systemworkbench/plugins/fr.ac6.mcu.externaltools.arm-none.win32_1.16.0.201807130628/tools/compiler/bin/../lib/gcc/arm-none-eabi/7.2.1/../../../../arm-none-eabi/lib/thumb/v7e-m/fpv4-sp/hard/crt0.o (__libc_init_array)
c:/ac6/systemworkbench/plugins/fr.ac6.mcu.externaltools.arm-none.win32_1.16.0.201807130628/tools/compiler/bin/../lib/gcc/arm-none-eabi/7.2.1/../../../../arm-none-eabi/lib/thumb/v7e-m/fpv4-sp/hard\libc.a(lib_a-malloc.o)
                              inc/tm_stm32f4_delay.o (malloc)
c:/ac6/systemworkbench/plugins/fr.ac6.mcu.externaltools.arm-none.win32_1.16.0.201807130628/tools/compiler/bin/../lib/gcc/arm-none-eabi/7.2.1/../../../../arm-none-eabi/lib/thumb/v7e-m/fpv4-sp/hard\libc.a(lib_a-mallocr.o)
                              c:/ac6/systemworkbench/plugins/fr.ac6.mcu.externaltools.arm-none.win32_1.16.0.201807130628/tools/compiler/bin/../lib/gcc/arm-none-eabi/7.2.1/../../../../arm-none-eabi/lib/thumb/v7e-m/fpv4-sp/hard\libc.a(lib_a-malloc.o) (_malloc_r)
c:/ac6/systemworkbench/plugins/fr.ac6.mcu.externaltools.arm-none.win32_1.16.0.201807130628/tools/compiler/bin/../lib/gcc/arm-none-eabi/7.2.1/../../../../arm-none-eabi/lib/thumb/v7e-m/fpv4-sp/hard\libc.a(lib_a-memset.o)
                              c:/ac6/systemworkbench/plugins/fr.ac6.mcu.externaltools.arm-none.win32_1.16.0.201807130628/tools/compiler/bin/../lib/gcc/arm-none-eabi/7.2.1/../../../../arm-none-eabi/lib/thumb/v7e-m/fpv4-sp/hard/crt0.o (memset)
c:/ac6/systemworkbench/plugins/fr.ac6.mcu.externaltools.arm-none.win32_1.16.0.201807130628/tools/compiler/bin/../lib/gcc/arm-none-eabi/7.2.1/../../../../arm-none-eabi/lib/thumb/v7e-m/fpv4-sp/hard\libc.a(lib_a-mlock.o)
                              c:/ac6/systemworkbench/plugins/fr.ac6.mcu.externaltools.arm-none.win32_1.16.0.201807130628/tools/compiler/bin/../lib/gcc/arm-none-eabi/7.2.1/../../../../arm-none-eabi/lib/thumb/v7e-m/fpv4-sp/hard\libc.a(lib_a-mallocr.o) (__malloc_lock)
c:/ac6/systemworkbench/plugins/fr.ac6.mcu.externaltools.arm-none.win32_1.16.0.201807130628/tools/compiler/bin/../lib/gcc/arm-none-eabi/7.2.1/../../../../arm-none-eabi/lib/thumb/v7e-m/fpv4-sp/hard\libc.a(lib_a-sbrkr.o)
[...]
Memory Configuration

Name             Origin             Length             Attributes
RAM              0x20000000         0x00020000         xrw
ROM              0x08000000         0x00080000         xr
*default*        0x00000000         0xffffffff

Linker script and memory map

LOAD c:/ac6/systemworkbench/plugins/fr.ac6.mcu.externaltools.arm-none.win32_1.16.0.201807130628/tools/compiler/bin/../lib/gcc/arm-none-eabi/7.2.1/thumb/v7e-m/fpv4-sp/hard/crti.o
LOAD c:/ac6/systemworkbench/plugins/fr.ac6.mcu.externaltools.arm-none.win32_1.16.0.201807130628/tools/compiler/bin/../lib/gcc/arm-none-eabi/7.2.1/thumb/v7e-m/fpv4-sp/hard/crtbegin.o
LOAD c:/ac6/systemworkbench/plugins/fr.ac6.mcu.externaltools.arm-none.win32_1.16.0.201807130628/tools/compiler/bin/../lib/gcc/arm-none-eabi/7.2.1/../../../../arm-none-eabi/lib/thumb/v7e-m/fpv4-sp/hard/crt0.o
LOAD StdPeriph_Driver/src/misc.o
LOAD StdPeriph_Driver/src/stm32f4xx_adc.o
LOAD StdPeriph_Driver/src/stm32f4xx_can.o
LOAD StdPeriph_Driver/src/stm32f4xx_cec.o
LOAD StdPeriph_Driver/src/stm32f4xx_crc.o
LOAD StdPeriph_Driver/src/stm32f4xx_cryp.o
LOAD StdPeriph_Driver/src/stm32f4xx_cryp_aes.o
LOAD StdPeriph_Driver/src/stm32f4xx_cryp_des.o
LOAD StdPeriph_Driver/src/stm32f4xx_cryp_tdes.o
LOAD StdPeriph_Driver/src/stm32f4xx_dac.o
LOAD StdPeriph_Driver/src/stm32f4xx_dbgmcu.o
LOAD StdPeriph_Driver/src/stm32f4xx_dcmi.o
LOAD StdPeriph_Driver/src/stm32f4xx_dfsdm.o
LOAD StdPeriph_Driver/src/stm32f4xx_dma.o
LOAD StdPeriph_Driver/src/stm32f4xx_dma2d.o
LOAD StdPeriph_Driver/src/stm32f4xx_dsi.o
LOAD StdPeriph_Driver/src/stm32f4xx_exti.o
LOAD StdPeriph_Driver/src/stm32f4xx_flash.o
LOAD StdPeriph_Driver/src/stm32f4xx_flash_ramfunc.o
LOAD StdPeriph_Driver/src/stm32f4xx_fmc.o
LOAD StdPeriph_Driver/src/stm32f4xx_fmip2c.o
LOAD StdPeriph_Driver/src/stm32f4xx_fsmc.o
LOAD StdPeriph_Driver/src/stm32f4xx_gpio.o
LOAD StdPeriph_Driver/src/stm32f4xx_hash.o
LOAD StdPeriph_Driver/src/stm32f4xx_hash_md5.o
LOAD StdPeriph_Driver/src/stm32f4xx_hash_sha1.o
LOAD StdPeriph_Driver/src/stm32f4xx_i2c.o
LOAD StdPeriph_Driver/src/stm32f4xx_iwdg.o
LOAD StdPeriph_Driver/src/stm32f4xx_lptim.o
LOAD StdPeriph_Driver/src/stm32f4xx_ltdc.o
LOAD StdPeriph_Driver/src/stm32f4xx_pwr.o
LOAD StdPeriph_Driver/src/stm32f4xx_qspi.o
LOAD StdPeriph_Driver/src/stm32f4xx_rcc.o
LOAD StdPeriph_Driver/src/stm32f4xx_rng.o
LOAD StdPeriph_Driver/src/stm32f4xx_rtc.o
LOAD StdPeriph_Driver/src/stm32f4xx_sai.o
LOAD StdPeriph_Driver/src/stm32f4xx_sdio.o
LOAD StdPeriph_Driver/src/stm32f4xx_spdifrx.o
LOAD StdPeriph_Driver/src/stm32f4xx_spi.o
LOAD StdPeriph_Driver/src/stm32f4xx_syscfg.o
LOAD StdPeriph_Driver/src/stm32f4xx_tim.o
LOAD StdPeriph_Driver/src/stm32f4xx_usart.o
LOAD StdPeriph_Driver/src/stm32f4xx_wwdg.o
LOAD inc/tm_stm32f4_adc.o
LOAD inc/tm_stm32f4_delay.o
LOAD inc/tm_stm32f4_ds18b20.o
LOAD inc/tm_stm32f4_gpio.o
LOAD inc/tm_stm32f4_hcsr04.o
LOAD inc/tm_stm32f4_onewire.o
LOAD inc/tm_stm32f4_pwm.o
LOAD inc/tm_stm32f4_timer_properties.o
LOAD src/FCB_GPIO_Init.o
LOAD src/FCB_GPIO_Pins.o
LOAD src/FCB_PWM.o
LOAD src/FCB_PressureSensor.o
LOAD src/FCB_SonarSensor.o
LOAD src/FCB_TempSensor.o
LOAD src/FCB_Tests_RealTime.o
LOAD src/main.o
LOAD src/syscalls.o
LOAD src/system_stm32f4xx.o
LOAD startup/startup_stm32.o
LOAD c:/ac6/systemworkbench/plugins/fr.ac6.mcu.externaltools.arm-none.win32_1.16.0.201807130628/tools/compiler/bin/../lib/gcc/arm-none-eabi/7.2.1/../../../../arm-none-eabi/lib/thumb/v7e-m/fpv4-sp/hard\libm.a
START GROUP
LOAD c:/ac6/systemworkbench/plugins/fr.ac6.mcu.externaltools.arm-none.win32_1.16.0.201807130628/tools/compiler/bin/../lib/gcc/arm-none-eabi/7.2.1/thumb/v7e-m/fpv4-sp/hard\libgcc.a
LOAD c:/ac6/systemworkbench/plugins/fr.ac6.mcu.externaltools.arm-none.win32_1.16.0.201807130628/tools/compiler/bin/../lib/gcc/arm-none-eabi/7.2.1/../../../../arm-none-eabi/lib/thumb/v7e-m/fpv4-sp/hard\libc.a
END GROUP
LOAD c:/ac6/systemworkbench/plugins/fr.ac6.mcu.externaltools.arm-none.win32_1.16.0.201807130628/tools/compiler/bin/../lib/gcc/arm-none-eabi/7.2.1/thumb/v7e-m/fpv4-sp/hard/crtend.o
LOAD c:/ac6/systemworkbench/plugins/fr.ac6.mcu.externaltools.arm-none.win32_1.16.0.201807130628/tools/compiler/bin/../lib/gcc/arm-none-eabi/7.2.1/thumb/v7e-m/fpv4-sp/hard/crtn.o
                0x20020000                _estack = 0x20020000
                0x00000000                _Min_Heap_Size = 0x0
                0x00000400                _Min_Stack_Size = 0x400

.isr_vector     0x08000000      0x194
                0x08000000                . = ALIGN (0x4)
 *(.isr_vector)
 .isr_vector    0x08000000      0x194 startup/startup_stm32.o
                0x08000000                g_pfnVectors
                0x08000194                . = ALIGN (0x4)

.text           0x08000194     0x3800
                0x08000194                . = ALIGN (0x4)
 *(.text)
 .text          0x08000194       0x40 c:/ac6/systemworkbench/plugins/fr.ac6.mcu.externaltools.arm-none.win32_1.16.0.201807130628/tools/compiler/bin/../lib/gcc/arm-none-eabi/7.2.1/thumb/v7e-m/fpv4-sp/hard/crtbegin.o
 .text          0x080001d4      0x378 c:/ac6/systemworkbench/plugins/fr.ac6.mcu.externaltools.arm-none.win32_1.16.0.201807130628/tools/compiler/bin/../lib/gcc/arm-none-eabi/7.2.1/thumb/v7e-m/fpv4-sp/hard\libgcc.a(_arm_addsubdf3.o)
                0x080001d4                __aeabi_drsub
                0x080001dc                __aeabi_dsub
                0x080001dc                __subdf3
                0x080001e0                __aeabi_dadd
                0x080001e0                __adddf3
                0x08000458                __floatunsidf
                0x08000458                __aeabi_ui2d
                0x08000478                __floatsidf
                0x08000478                __aeabi_i2d
                0x0800049c                __aeabi_f2d
                0x0800049c                __extendsfdf2
                0x080004e0                __floatundidf
                0x080004e0                __aeabi_ul2d
                0x080004f0                __floatdidf
                0x080004f0                __aeabi_l2d
 .text          0x0800054c       0xa0 c:/ac6/systemworkbench/plugins/fr.ac6.mcu.externaltools.arm-none.win32_1.16.0.201807130628/tools/compiler/bin/../lib/gcc/arm-none-eabi/7.2.1/thumb/v7e-m/fpv4-sp/hard\libgcc.a(_arm_truncdfsf2.o)
                0x0800054c                __truncdfsf2
                0x0800054c                __aeabi_d2f
 *(.text*)
 .text.ADC_Init
                0x080005ec       0xac StdPeriph_Driver/src/stm32f4xx_adc.o
                0x080005ec                ADC_Init
 .text.ADC_CommonInit
                0x08000698       0x50 StdPeriph_Driver/src/stm32f4xx_adc.o
                0x08000698                ADC_CommonInit
 .text.GPIO_Init
                0x080006e8      0x11c StdPeriph_Driver/src/stm32f4xx_gpio.o
                0x080006e8                GPIO_Init
 .text.GPIO_ReadInputDataBit
                0x08000804       0x34 StdPeriph_Driver/src/stm32f4xx_gpio.o
                0x08000804                GPIO_ReadInputDataBit
 .text.GPIO_SetBits
                0x08000838       0x1e StdPeriph_Driver/src/stm32f4xx_gpio.o
                0x08000838                GPIO_SetBits
 .text.GPIO_ResetBits
                0x08000856       0x1e StdPeriph_Driver/src/stm32f4xx_gpio.o
                0x08000856                GPIO_ResetBits
 .text.GPIO_PinAFConfig
                0x08000874       0x92 StdPeriph_Driver/src/stm32f4xx_gpio.o
                0x08000874                GPIO_PinAFConfig
 *fill*         0x08000906        0x2 
 .text.RCC_GetClocksFreq
                0x08000908      0x150 StdPeriph_Driver/src/stm32f4xx_rcc.o
                0x08000908                RCC_GetClocksFreq
 .text.RCC_AHB1PeriphClockCmd
                0x08000a58       0x40 StdPeriph_Driver/src/stm32f4xx_rcc.o
                0x08000a58                RCC_AHB1PeriphClockCmd
 .text.RCC_APB1PeriphClockCmd
                0x08000a98       0x40 StdPeriph_Driver/src/stm32f4xx_rcc.o
                0x08000a98                RCC_APB1PeriphClockCmd
 .text.TIM_TimeBaseInit
                0x08000ad8       0xd8 StdPeriph_Driver/src/stm32f4xx_tim.o
                0x08000ad8                TIM_TimeBaseInit
 .text.TIM_TimeBaseStructInit
                0x08000bb0       0x34 StdPeriph_Driver/src/stm32f4xx_tim.o
                0x08000bb0                TIM_TimeBaseStructInit
 .text.TIM_Cmd  0x08000be4       0x40 StdPeriph_Driver/src/stm32f4xx_tim.o
                0x08000be4                TIM_Cmd
 .text.TIM_OC1Init
                0x08000c24       0xf4 StdPeriph_Driver/src/stm32f4xx_tim.o
                0x08000c24                TIM_OC1Init
 .text.TIM_OC2Init
                0x08000d18      0x110 StdPeriph_Driver/src/stm32f4xx_tim.o
                0x08000d18                TIM_OC2Init
 .text.TIM_OC3Init
                0x08000e28      0x10c StdPeriph_Driver/src/stm32f4xx_tim.o
                0x08000e28                TIM_OC3Init
 .text.TIM_SetCompare1
                0x08000f34       0x1c StdPeriph_Driver/src/stm32f4xx_tim.o
                0x08000f34                TIM_SetCompare1
 .text.TIM_SetCompare2
                0x08000f50       0x1c StdPeriph_Driver/src/stm32f4xx_tim.o
                0x08000f50                TIM_SetCompare2
 .text.TIM_SetCompare3
                0x08000f6c       0x1c StdPeriph_Driver/src/stm32f4xx_tim.o
                0x08000f6c                TIM_SetCompare3
 .text.TIM_SetCompare4
                0x08000f88       0x1c StdPeriph_Driver/src/stm32f4xx_tim.o
                0x08000f88                TIM_SetCompare4
 .text.TM_ADC_Init
                0x08000fa4       0xfc inc/tm_stm32f4_adc.o
                0x08000fa4                TM_ADC_Init
 .text.TM_ADC_InitADC
                0x080010a0       0xbc inc/tm_stm32f4_adc.o
                0x080010a0                TM_ADC_InitADC
 .text.TM_ADC_INT_Channel_0_Init
                0x0800115c       0x1c inc/tm_stm32f4_adc.o
                0x0800115c                TM_ADC_INT_Channel_0_Init
 .text.TM_ADC_INT_Channel_1_Init
                0x08001178       0x1c inc/tm_stm32f4_adc.o
                0x08001178                TM_ADC_INT_Channel_1_Init
 .text.TM_ADC_INT_Channel_2_Init
                0x08001194       0x1c inc/tm_stm32f4_adc.o
                0x08001194                TM_ADC_INT_Channel_2_Init
 .text.TM_ADC_INT_Channel_3_Init
                0x080011b0       0x1c inc/tm_stm32f4_adc.o
                0x080011b0                TM_ADC_INT_Channel_3_Init
 .text.TM_ADC_INT_Channel_4_Init
                0x080011cc       0x4c inc/tm_stm32f4_adc.o
                0x080011cc                TM_ADC_INT_Channel_4_Init
 .text.TM_ADC_INT_Channel_5_Init
                0x08001218       0x4c inc/tm_stm32f4_adc.o
                0x08001218                TM_ADC_INT_Channel_5_Init
 .text.TM_ADC_INT_Channel_6_Init
                0x08001264       0x50 inc/tm_stm32f4_adc.o
                0x08001264                TM_ADC_INT_Channel_6_Init
 .text.TM_ADC_INT_Channel_7_Init
                0x080012b4       0x50 inc/tm_stm32f4_adc.o
                0x080012b4                TM_ADC_INT_Channel_7_Init
 .text.TM_ADC_INT_Channel_8_Init
                0x08001304       0x50 inc/tm_stm32f4_adc.o
                0x08001304                TM_ADC_INT_Channel_8_Init
 .text.TM_ADC_INT_Channel_9_Init
                0x08001354       0x4c inc/tm_stm32f4_adc.o
                0x08001354                TM_ADC_INT_Channel_9_Init
 .text.TM_ADC_INT_Channel_10_Init
                0x080013a0       0x1c inc/tm_stm32f4_adc.o
                0x080013a0                TM_ADC_INT_Channel_10_Init
 .text.TM_ADC_INT_Channel_11_Init
                0x080013bc       0x1c inc/tm_stm32f4_adc.o
                0x080013bc                TM_ADC_INT_Channel_11_Init
 .text.TM_ADC_INT_Channel_12_Init
                0x080013d8       0x1c inc/tm_stm32f4_adc.o
                0x080013d8                TM_ADC_INT_Channel_12_Init
 .text.TM_ADC_INT_Channel_13_Init
                0x080013f4       0x1c inc/tm_stm32f4_adc.o
                0x080013f4                TM_ADC_INT_Channel_13_Init
 .text.TM_ADC_INT_Channel_14_Init
                0x08001410       0x4c inc/tm_stm32f4_adc.o
                0x08001410                TM_ADC_INT_Channel_14_Init
 .text.TM_ADC_INT_Channel_15_Init
                0x0800145c       0x50 inc/tm_stm32f4_adc.o
                0x0800145c                TM_ADC_INT_Channel_15_Init
 .text.TM_ADC_INT_InitPin
                0x080014ac       0x28 inc/tm_stm32f4_adc.o
                0x080014ac                TM_ADC_INT_InitPin
 .text.SysTick_Handler
                0x080014d4       0xf0 inc/tm_stm32f4_delay.o
                0x080014d4                SysTick_Handler
 .text.TM_DS18B20_StartAll
                0x080015c4       0x26 inc/tm_stm32f4_ds18b20.o
                0x080015c4                TM_DS18B20_StartAll
 *fill*         0x080015ea        0x2 
 .text.TM_DS18B20_Read
                0x080015ec      0x200 inc/tm_stm32f4_ds18b20.o
                0x080015ec                TM_DS18B20_Read
 .text.TM_DS18B20_Is
                0x080017ec       0x22 inc/tm_stm32f4_ds18b20.o
                0x080017ec                TM_DS18B20_Is
 .text.TM_DS18B20_AllDone
                0x0800180e       0x18 inc/tm_stm32f4_ds18b20.o
                0x0800180e                TM_DS18B20_AllDone
 .text.TM_GPIO_Init
                0x08001826       0x46 inc/tm_stm32f4_gpio.o
                0x08001826                TM_GPIO_Init
 .text.TM_GPIO_SetPinAsInput
                0x0800186c       0x50 inc/tm_stm32f4_gpio.o
                0x0800186c                TM_GPIO_SetPinAsInput
 .text.TM_GPIO_SetPinAsOutput
                0x080018bc       0x5c inc/tm_stm32f4_gpio.o
                0x080018bc                TM_GPIO_SetPinAsOutput
 .text.TM_GPIO_GetPortSource
                0x08001918       0x22 inc/tm_stm32f4_gpio.o
                0x08001918                TM_GPIO_GetPortSource
 *fill*         0x0800193a        0x2 
 .text.TM_GPIO_INT_EnableClock
                0x0800193c       0x30 inc/tm_stm32f4_gpio.o
                0x0800193c                TM_GPIO_INT_EnableClock
 .text.TM_GPIO_INT_Init
                0x0800196c      0x10c inc/tm_stm32f4_gpio.o
                0x0800196c                TM_GPIO_INT_Init
 .text.Delay    0x08001a78       0x64 inc/tm_stm32f4_hcsr04.o
 .text.TM_HCSR04_Read
                0x08001adc       0xb0 inc/tm_stm32f4_hcsr04.o
                0x08001adc                TM_HCSR04_Read
 .text.Delay    0x08001b8c       0x64 inc/tm_stm32f4_onewire.o
 .text.TM_OneWire_Reset
                0x08001bf0       0x6a inc/tm_stm32f4_onewire.o
                0x08001bf0                TM_OneWire_Reset
 .text.TM_OneWire_WriteBit
                0x08001c5a       0xa8 inc/tm_stm32f4_onewire.o
                0x08001c5a                TM_OneWire_WriteBit
 .text.TM_OneWire_ReadBit
                0x08001d02       0x66 inc/tm_stm32f4_onewire.o
                0x08001d02                TM_OneWire_ReadBit
 .text.TM_OneWire_WriteByte
                0x08001d68       0x3a inc/tm_stm32f4_onewire.o
                0x08001d68                TM_OneWire_WriteByte
 .text.TM_OneWire_ReadByte
                0x08001da2       0x42 inc/tm_stm32f4_onewire.o
                0x08001da2                TM_OneWire_ReadByte
 .text.TM_OneWire_SelectWithPointer
                0x08001de4       0x3c inc/tm_stm32f4_onewire.o
                0x08001de4                TM_OneWire_SelectWithPointer
 .text.TM_OneWire_CRC8
                0x08001e20       0x70 inc/tm_stm32f4_onewire.o
                0x08001e20                TM_OneWire_CRC8
 .text.initializeAll_IOPins
                0x08001e90       0x9c src/FCB_GPIO_Init.o
                0x08001e90                initializeAll_IOPins
 .text.initializeGPIO
                0x08001f2c       0x8a src/FCB_GPIO_Init.o
                0x08001f2c                initializeGPIO
 .text.initializeTimerPort
                0x08001fb6       0xaa src/FCB_GPIO_Init.o
                0x08001fb6                initializeTimerPort
 .text.initializeADC_1
                0x08002060       0x4c src/FCB_GPIO_Init.o
                0x08002060                initializeADC_1
 .text.getPortRCC_Constant
                0x080020ac       0x68 src/FCB_GPIO_Pins.o
                0x080020ac                getPortRCC_Constant
 .text.getPort  0x08002114       0x80 src/FCB_GPIO_Pins.o
                0x08002114                getPort
 .text.sameGPIO_TypeDef
                0x08002194       0x28 src/FCB_GPIO_Pins.o
                0x08002194                sameGPIO_TypeDef
 .text.getTimerPeripheral
                0x080021bc       0x4a src/FCB_GPIO_Pins.o
                0x080021bc                getTimerPeripheral
 .text.getTimer_AF
                0x08002206       0x4a src/FCB_GPIO_Pins.o
                0x08002206                getTimer_AF
 .text.getTimer_Constant
                0x08002250       0x5c src/FCB_GPIO_Pins.o
                0x08002250                getTimer_Constant
 .text.getPinSource
                0x080022ac       0xc8 src/FCB_GPIO_Pins.o
                0x080022ac                getPinSource
 .text.initializePWM
                0x08002374       0x50 src/FCB_PWM.o
                0x08002374                initializePWM
 .text.timer_start
                0x080023c4       0x24 src/FCB_PWM.o
                0x080023c4                timer_start
 .text.initializeTimerClock
                0x080023e8       0x78 src/FCB_PWM.o
                0x080023e8                initializeTimerClock
 .text.initializeTimerPWM
                0x08002460       0xbc src/FCB_PWM.o
                0x08002460                initializeTimerPWM
 .text.setPWM   0x0800251c       0x68 src/FCB_PWM.o
                0x0800251c                setPWM
 .text.get_timer_clock_frequency
                0x08002584       0x30 src/FCB_PWM.o
                0x08002584                get_timer_clock_frequency
 .text.delayUntilPressureBelowMax
                0x080025b4       0x10 src/FCB_PressureSensor.o
                0x080025b4                delayUntilPressureBelowMax
 .text.delayUntilPressureAtRoom
                0x080025c4       0x10 src/FCB_PressureSensor.o
                0x080025c4                delayUntilPressureAtRoom
 .text.Delayms  0x080025d4       0x58 src/FCB_SonarSensor.o
 .text.readDistance
                0x0800262c       0x18 src/FCB_SonarSensor.o
                0x0800262c                readDistance
 .text.isWaterHeightBelowMin
                0x08002644       0x2c src/FCB_SonarSensor.o
                0x08002644                isWaterHeightBelowMin
 .text.delayUntilChangeInOunces
                0x08002670       0xb8 src/FCB_SonarSensor.o
                0x08002670                delayUntilChangeInOunces
 .text.readTemperature
                0x08002728       0xb0 src/FCB_TempSensor.o
                0x08002728                readTemperature
 .text.isTemperatureBelowMax
                0x080027d8       0x7e src/FCB_TempSensor.o
                0x080027d8                isTemperatureBelowMax
 *fill*         0x08002856        0x2 
 .text.NVIC_SetPriority
                0x08002858       0x54 src/main.o
 .text.SysTick_Config
                0x080028ac       0x44 src/main.o
 .text.Delayms  0x080028f0       0x58 src/main.o
 .text.main     0x08002948       0x9c src/main.o
                0x08002948                main
 .text.SysTickInit
                0x080029e4       0x2a src/main.o
                0x080029e4                SysTickInit
 *fill*         0x08002a0e        0x2 
 .text.coolWaterTank
                0x08002a10      0x104 src/main.o
                0x08002a10                coolWaterTank
 .text.getSizeInput
                0x08002b14       0x88 src/main.o
                0x08002b14                getSizeInput
 .text.fillVacuumChamber
                0x08002b9c       0x40 src/main.o
                0x08002b9c                fillVacuumChamber
 .text.createVacuum
                0x08002bdc       0x34 src/main.o
                0x08002bdc                createVacuum
 .text.brewCoffee
                0x08002c10      0x134 src/main.o
                0x08002c10                brewCoffee
 .text.releaseVacuum
                0x08002d44       0x3c src/main.o
                0x08002d44                releaseVacuum
 .text.emptyVacuumChamber
                0x08002d80       0x60 src/main.o
                0x08002d80                emptyVacuumChamber
 .text.setSolenoidsForRecirc
                0x08002de0       0x2c src/main.o
                0x08002de0                setSolenoidsForRecirc
 .text.setSolenoidsForFilling
                0x08002e0c       0x2c src/main.o
                0x08002e0c                setSolenoidsForFilling
 .text._sbrk    0x08002e38       0x58 src/syscalls.o
                0x08002e38                _sbrk
 .text.SystemInit
                0x08002e90       0x6c src/system_stm32f4xx.o
                0x08002e90                SystemInit
 .text.SetSysClock
                0x08002efc       0xa0 src/system_stm32f4xx.o
 .text.Reset_Handler
                0x08002f9c       0x50 startup/startup_stm32.o
                0x08002f9c                Reset_Handler
 .text.Default_Handler
                0x08002fec        0x2 startup/startup_stm32.o
                0x08002fec                RTC_Alarm_IRQHandler
                0x08002fec                EXTI2_IRQHandler
                0x08002fec                DebugMon_Handler
                0x08002fec                SPI4_IRQHandler
                0x08002fec                TIM1_CC_IRQHandler
                0x08002fec                HardFault_Handler
                0x08002fec                PVD_IRQHandler
                0x08002fec                SDIO_IRQHandler
                0x08002fec                TAMP_STAMP_IRQHandler
                0x08002fec                PendSV_Handler
                0x08002fec                NMI_Handler
                0x08002fec                EXTI3_IRQHandler
                0x08002fec                TIM1_UP_TIM10_IRQHandler
                0x08002fec                I2C3_ER_IRQHandler
                0x08002fec                EXTI0_IRQHandler
                0x08002fec                I2C2_EV_IRQHandler
                0x08002fec                FPU_IRQHandler
                0x08002fec                UsageFault_Handler
                0x08002fec                SPI1_IRQHandler
                0x08002fec                TIM1_BRK_TIM9_IRQHandler
                0x08002fec                I2C1_EV_IRQHandler
                0x08002fec                TIM3_IRQHandler
                0x08002fec                RCC_IRQHandler
                0x08002fec                Default_Handler
                0x08002fec                EXTI15_10_IRQHandler
                0x08002fec                ADC_IRQHandler
                0x08002fec                I2C3_EV_IRQHandler
                0x08002fec                EXTI9_5_IRQHandler
                0x08002fec                RTC_WKUP_IRQHandler
                0x08002fec                SPI2_IRQHandler
                0x08002fec                MemManage_Handler
                0x08002fec                SVC_Handler
                0x08002fec                EXTI4_IRQHandler
                0x08002fec                TIM2_IRQHandler
                0x08002fec                OTG_FS_WKUP_IRQHandler
                0x08002fec                TIM1_TRG_COM_TIM11_IRQHandler
                0x08002fec                EXTI1_IRQHandler
                0x08002fec                I2C2_ER_IRQHandler
                0x08002fec                FLASH_IRQHandler
                0x08002fec                BusFault_Handler
                0x08002fec                OTG_FS_IRQHandler
                0x08002fec                SPI3_IRQHandler
                0x08002fec                I2C1_ER_IRQHandler
 *fill*         0x08002fee        0x2 
 .text.__errno  0x08002ff0        0xc c:/ac6/systemworkbench/plugins/fr.ac6.mcu.externaltools.arm-none.win32_1.16.0.201807130628/tools/compiler/bin/../lib/gcc/arm-none-eabi/7.2.1/../../../../arm-none-eabi/lib/thumb/v7e-m/fpv4-sp/hard\libc.a(lib_a-errno.o)
                0x08002ff0                __errno
 .text.__libc_init_array
                0x08002ffc       0x48 c:/ac6/systemworkbench/plugins/fr.ac6.mcu.externaltools.arm-none.win32_1.16.0.201807130628/tools/compiler/bin/../lib/gcc/arm-none-eabi/7.2.1/../../../../arm-none-eabi/lib/thumb/v7e-m/fpv4-sp/hard\libc.a(lib_a-init.o)
                0x08002ffc                __libc_init_array
 .text.malloc   0x08003044       0x10 c:/ac6/systemworkbench/plugins/fr.ac6.mcu.externaltools.arm-none.win32_1.16.0.201807130628/tools/compiler/bin/../lib/gcc/arm-none-eabi/7.2.1/../../../../arm-none-eabi/lib/thumb/v7e-m/fpv4-sp/hard\libc.a(lib_a-malloc.o)
                0x08003044                malloc
 .text._malloc_r
                0x08003054      0x548 c:/ac6/systemworkbench/plugins/fr.ac6.mcu.externaltools.arm-none.win32_1.16.0.201807130628/tools/compiler/bin/../lib/gcc/arm-none-eabi/7.2.1/../../../../arm-none-eabi/lib/thumb/v7e-m/fpv4-sp/hard\libc.a(lib_a-mallocr.o)
                0x08003054                _malloc_r
 .text.__malloc_lock
                0x0800359c        0xc c:/ac6/systemworkbench/plugins/fr.ac6.mcu.externaltools.arm-none.win32_1.16.0.201807130628/tools/compiler/bin/../lib/gcc/arm-none-eabi/7.2.1/../../../../arm-none-eabi/lib/thumb/v7e-m/fpv4-sp/hard\libc.a(lib_a-mlock.o)
                0x0800359c                __malloc_lock
 .text.__malloc_unlock
                0x080035a8        0xc c:/ac6/systemworkbench/plugins/fr.ac6.mcu.externaltools.arm-none.win32_1.16.0.201807130628/tools/compiler/bin/../lib/gcc/arm-none-eabi/7.2.1/../../../../arm-none-eabi/lib/thumb/v7e-m/fpv4-sp/hard\libc.a(lib_a-mlock.o)
                0x080035a8                __malloc_unlock
 .text._sbrk_r  0x080035b4       0x24 c:/ac6/systemworkbench/plugins/fr.ac6.mcu.externaltools.arm-none.win32_1.16.0.201807130628/tools/compiler/bin/../lib/gcc/arm-none-eabi/7.2.1/../../../../arm-none-eabi/lib/thumb/v7e-m/fpv4-sp/hard\libc.a(lib_a-sbrkr.o)
                0x080035b4                _sbrk_r
 .text.startup.register_fini
                0x080035d8       0x14 c:/ac6/systemworkbench/plugins/fr.ac6.mcu.externaltools.arm-none.win32_1.16.0.201807130628/tools/compiler/bin/../lib/gcc/arm-none-eabi/7.2.1/../../../../arm-none-eabi/lib/thumb/v7e-m/fpv4-sp/hard\libc.a(lib_a-__call_atexit.o)
 .text.atexit   0x080035ec        0xc c:/ac6/systemworkbench/plugins/fr.ac6.mcu.externaltools.arm-none.win32_1.16.0.201807130628/tools/compiler/bin/../lib/gcc/arm-none-eabi/7.2.1/../../../../arm-none-eabi/lib/thumb/v7e-m/fpv4-sp/hard\libc.a(lib_a-atexit.o)
                0x080035ec                atexit
 .text.__libc_fini_array
                0x080035f8       0x34 c:/ac6/systemworkbench/plugins/fr.ac6.mcu.externaltools.arm-none.win32_1.16.0.201807130628/tools/compiler/bin/../lib/gcc/arm-none-eabi/7.2.1/../../../../arm-none-eabi/lib/thumb/v7e-m/fpv4-sp/hard\libc.a(lib_a-fini.o)
                0x080035f8                __libc_fini_array
 .text._malloc_trim_r
                0x0800362c       0xa0 c:/ac6/systemworkbench/plugins/fr.ac6.mcu.externaltools.arm-none.win32_1.16.0.201807130628/tools/compiler/bin/../lib/gcc/arm-none-eabi/7.2.1/../../../../arm-none-eabi/lib/thumb/v7e-m/fpv4-sp/hard\libc.a(lib_a-freer.o)
                0x0800362c                _malloc_trim_r
 .text._free_r  0x080036cc      0x1e8 c:/ac6/systemworkbench/plugins/fr.ac6.mcu.externaltools.arm-none.win32_1.16.0.201807130628/tools/compiler/bin/../lib/gcc/arm-none-eabi/7.2.1/../../../../arm-none-eabi/lib/thumb/v7e-m/fpv4-sp/hard\libc.a(lib_a-freer.o)
                0x080036cc                _free_r
 .text.__retarget_lock_acquire_recursive
                0x080038b4        0x4 c:/ac6/systemworkbench/plugins/fr.ac6.mcu.externaltools.arm-none.win32_1.16.0.201807130628/tools/compiler/bin/../lib/gcc/arm-none-eabi/7.2.1/../../../../arm-none-eabi/lib/thumb/v7e-m/fpv4-sp/hard\libc.a(lib_a-lock.o)
                0x080038b4                __retarget_lock_acquire_recursive
 .text.__retarget_lock_release_recursive
                0x080038b8        0x4 c:/ac6/systemworkbench/plugins/fr.ac6.mcu.externaltools.arm-none.win32_1.16.0.201807130628/tools/compiler/bin/../lib/gcc/arm-none-eabi/7.2.1/../../../../arm-none-eabi/lib/thumb/v7e-m/fpv4-sp/hard\libc.a(lib_a-lock.o)
                0x080038b8                __retarget_lock_release_recursive
 .text.__register_exitproc
                0x080038bc       0xc0 c:/ac6/systemworkbench/plugins/fr.ac6.mcu.externaltools.arm-none.win32_1.16.0.201807130628/tools/compiler/bin/../lib/gcc/arm-none-eabi/7.2.1/../../../../arm-none-eabi/lib/thumb/v7e-m/fpv4-sp/hard\libc.a(lib_a-__atexit.o)
                0x080038bc                __register_exitproc
 *(.glue_7)
 .glue_7        0x0800397c        0x0 linker stubs
 *(.glue_7t)
 .glue_7t       0x0800397c        0x0 linker stubs
 *(.eh_frame)
 .eh_frame      0x0800397c        0x0 c:/ac6/systemworkbench/plugins/fr.ac6.mcu.externaltools.arm-none.win32_1.16.0.201807130628/tools/compiler/bin/../lib/gcc/arm-none-eabi/7.2.1/thumb/v7e-m/fpv4-sp/hard/crtbegin.o
 *(.init)
 .init          0x0800397c        0x4 c:/ac6/systemworkbench/plugins/fr.ac6.mcu.externaltools.arm-none.win32_1.16.0.201807130628/tools/compiler/bin/../lib/gcc/arm-none-eabi/7.2.1/thumb/v7e-m/fpv4-sp/hard/crti.o
                0x0800397c                _init
 .init          0x08003980        0x8 c:/ac6/systemworkbench/plugins/fr.ac6.mcu.externaltools.arm-none.win32_1.16.0.201807130628/tools/compiler/bin/../lib/gcc/arm-none-eabi/7.2.1/thumb/v7e-m/fpv4-sp/hard/crtn.o
 *(.fini)
 .fini          0x08003988        0x4 c:/ac6/systemworkbench/plugins/fr.ac6.mcu.externaltools.arm-none.win32_1.16.0.201807130628/tools/compiler/bin/../lib/gcc/arm-none-eabi/7.2.1/thumb/v7e-m/fpv4-sp/hard/crti.o
                0x08003988                _fini
 .fini          0x0800398c        0x8 c:/ac6/systemworkbench/plugins/fr.ac6.mcu.externaltools.arm-none.win32_1.16.0.201807130628/tools/compiler/bin/../lib/gcc/arm-none-eabi/7.2.1/thumb/v7e-m/fpv4-sp/hard/crtn.o
                0x08003994                . = ALIGN (0x4)
                0x08003994                _etext = .

.vfp11_veneer   0x08003994        0x0
 .vfp11_veneer  0x08003994        0x0 linker stubs

.v4_bx          0x08003994        0x0
 .v4_bx         0x08003994        0x0 linker stubs

.iplt           0x08003994        0x0
 .iplt          0x08003994        0x0 c:/ac6/systemworkbench/plugins/fr.ac6.mcu.externaltools.arm-none.win32_1.16.0.201807130628/tools/compiler/bin/../lib/gcc/arm-none-eabi/7.2.1/thumb/v7e-m/fpv4-sp/hard/crtbegin.o

.rodata         0x08003994      0x24c
                0x08003994                . = ALIGN (0x4)
 *(.rodata)
 .rodata        0x08003994      0x124 src/FCB_GPIO_Init.o
 .rodata        0x08003ab8      0x124 src/FCB_PWM.o
 *(.rodata*)
 .rodata._global_impure_ptr
                0x08003bdc        0x4 c:/ac6/systemworkbench/plugins/fr.ac6.mcu.externaltools.arm-none.win32_1.16.0.201807130628/tools/compiler/bin/../lib/gcc/arm-none-eabi/7.2.1/../../../../arm-none-eabi/lib/thumb/v7e-m/fpv4-sp/hard\libc.a(lib_a-impure.o)
                0x08003bdc                _global_impure_ptr
                0x08003be0                . = ALIGN (0x4)

.rel.dyn        0x08003be0        0x0
 .rel.iplt      0x08003be0        0x0 c:/ac6/systemworkbench/plugins/fr.ac6.mcu.externaltools.arm-none.win32_1.16.0.201807130628/tools/compiler/bin/../lib/gcc/arm-none-eabi/7.2.1/thumb/v7e-m/fpv4-sp/hard/crtbegin.o

.ARM.extab      0x08003be0        0x0
                0x08003be0                . = ALIGN (0x4)
 *(.ARM.extab* .gnu.linkonce.armextab.*)
                0x08003be0                . = ALIGN (0x4)

.ARM            0x08003be0        0x0
                0x08003be0                . = ALIGN (0x4)
                0x08003be0                __exidx_start = .
 *(.ARM.exidx*)
                0x08003be0                __exidx_end = .
                0x08003be0                . = ALIGN (0x4)

.preinit_array  0x08003be0        0x0
                0x08003be0                . = ALIGN (0x4)
                0x08003be0                PROVIDE (__preinit_array_start, .)
 *(.preinit_array*)
                0x08003be0                PROVIDE (__preinit_array_end, .)
                0x08003be0                . = ALIGN (0x4)

.init_array     0x08003be0        0x8
                0x08003be0                . = ALIGN (0x4)
                0x08003be0                PROVIDE (__init_array_start, .)
 *(SORT_BY_NAME(.init_array.*))
 .init_array.00000
                0x08003be0        0x4 c:/ac6/systemworkbench/plugins/fr.ac6.mcu.externaltools.arm-none.win32_1.16.0.201807130628/tools/compiler/bin/../lib/gcc/arm-none-eabi/7.2.1/../../../../arm-none-eabi/lib/thumb/v7e-m/fpv4-sp/hard\libc.a(lib_a-__call_atexit.o)
 *(.init_array*)
 .init_array    0x08003be4        0x4 c:/ac6/systemworkbench/plugins/fr.ac6.mcu.externaltools.arm-none.win32_1.16.0.201807130628/tools/compiler/bin/../lib/gcc/arm-none-eabi/7.2.1/thumb/v7e-m/fpv4-sp/hard/crtbegin.o
                0x08003be8                PROVIDE (__init_array_end, .)
                0x08003be8                . = ALIGN (0x4)

.fini_array     0x08003be8        0x4
                0x08003be8                . = ALIGN (0x4)
                0x08003be8                PROVIDE (__fini_array_start, .)
 *(SORT_BY_NAME(.fini_array.*))
 *(.fini_array*)
 .fini_array    0x08003be8        0x4 c:/ac6/systemworkbench/plugins/fr.ac6.mcu.externaltools.arm-none.win32_1.16.0.201807130628/tools/compiler/bin/../lib/gcc/arm-none-eabi/7.2.1/thumb/v7e-m/fpv4-sp/hard/crtbegin.o
                0x08003bec                PROVIDE (__fini_array_end, .)
                0x08003bec                . = ALIGN (0x4)
                0x08003bec                _sidata = LOADADDR (.data)

.data           0x20000000      0x974 load address 0x08003bec
                0x20000000                . = ALIGN (0x4)
                0x20000000                _sdata = .
 *(.data)
 .data          0x20000000       0x10 StdPeriph_Driver/src/stm32f4xx_rcc.o
 .data          0x20000010       0x88 src/FCB_GPIO_Init.o
 .data          0x20000098       0x88 src/FCB_PWM.o
 .data          0x20000120       0x14 src/system_stm32f4xx.o
                0x20000120                SystemCoreClock
                0x20000124                AHBPrescTable
 *(.data*)
 .data._impure_ptr
                0x20000134        0x4 c:/ac6/systemworkbench/plugins/fr.ac6.mcu.externaltools.arm-none.win32_1.16.0.201807130628/tools/compiler/bin/../lib/gcc/arm-none-eabi/7.2.1/../../../../arm-none-eabi/lib/thumb/v7e-m/fpv4-sp/hard\libc.a(lib_a-impure.o)
                0x20000134                _impure_ptr
 .data.impure_data
                0x20000138      0x428 c:/ac6/systemworkbench/plugins/fr.ac6.mcu.externaltools.arm-none.win32_1.16.0.201807130628/tools/compiler/bin/../lib/gcc/arm-none-eabi/7.2.1/../../../../arm-none-eabi/lib/thumb/v7e-m/fpv4-sp/hard\libc.a(lib_a-impure.o)
 .data.__malloc_av_
                0x20000560      0x408 c:/ac6/systemworkbench/plugins/fr.ac6.mcu.externaltools.arm-none.win32_1.16.0.201807130628/tools/compiler/bin/../lib/gcc/arm-none-eabi/7.2.1/../../../../arm-none-eabi/lib/thumb/v7e-m/fpv4-sp/hard\libc.a(lib_a-mallocr.o)
                0x20000560                __malloc_av_
 .data.__malloc_sbrk_base
                0x20000968        0x4 c:/ac6/systemworkbench/plugins/fr.ac6.mcu.externaltools.arm-none.win32_1.16.0.201807130628/tools/compiler/bin/../lib/gcc/arm-none-eabi/7.2.1/../../../../arm-none-eabi/lib/thumb/v7e-m/fpv4-sp/hard\libc.a(lib_a-mallocr.o)
                0x20000968                __malloc_sbrk_base
 .data.__malloc_trim_threshold
                0x2000096c        0x4 c:/ac6/systemworkbench/plugins/fr.ac6.mcu.externaltools.arm-none.win32_1.16.0.201807130628/tools/compiler/bin/../lib/gcc/arm-none-eabi/7.2.1/../../../../arm-none-eabi/lib/thumb/v7e-m/fpv4-sp/hard\libc.a(lib_a-mallocr.o)
                0x2000096c                __malloc_trim_threshold
 .data.__atexit_recursive_mutex
                0x20000970        0x4 c:/ac6/systemworkbench/plugins/fr.ac6.mcu.externaltools.arm-none.win32_1.16.0.201807130628/tools/compiler/bin/../lib/gcc/arm-none-eabi/7.2.1/../../../../arm-none-eabi/lib/thumb/v7e-m/fpv4-sp/hard\libc.a(lib_a-__call_atexit.o)
                0x20000970                __atexit_recursive_mutex
                0x20000974                . = ALIGN (0x4)
                0x20000974                _edata = .

.igot.plt       0x20000974        0x0 load address 0x08004560
 .igot.plt      0x20000974        0x0 c:/ac6/systemworkbench/plugins/fr.ac6.mcu.externaltools.arm-none.win32_1.16.0.201807130628/tools/compiler/bin/../lib/gcc/arm-none-eabi/7.2.1/thumb/v7e-m/fpv4-sp/hard/crtbegin.o
                0x20000974                . = ALIGN (0x4)

.bss            0x20000974      0x110 load address 0x08004560
                0x20000974                _sbss = .
                0x20000974                __bss_start__ = _sbss
 *(.bss)
 .bss           0x20000974       0x1c c:/ac6/systemworkbench/plugins/fr.ac6.mcu.externaltools.arm-none.win32_1.16.0.201807130628/tools/compiler/bin/../lib/gcc/arm-none-eabi/7.2.1/thumb/v7e-m/fpv4-sp/hard/crtbegin.o
 .bss           0x20000990       0x28 inc/tm_stm32f4_delay.o
                0x20000990                TM_TimingDelay
                0x20000994                TM_Time
                0x20000998                TM_Time2
                0x2000099c                TM_DELAY_Initialized
 .bss           0x200009b8       0x16 inc/tm_stm32f4_gpio.o
 .bss           0x200009ce        0x1 src/main.o
 *fill*         0x200009cf        0x1 
 .bss           0x200009d0        0x8 src/syscalls.o
                0x200009d0                __env
 *(.bss*)
 .bss.__malloc_current_mallinfo
                0x200009d8       0x28 c:/ac6/systemworkbench/plugins/fr.ac6.mcu.externaltools.arm-none.win32_1.16.0.201807130628/tools/compiler/bin/../lib/gcc/arm-none-eabi/7.2.1/../../../../arm-none-eabi/lib/thumb/v7e-m/fpv4-sp/hard\libc.a(lib_a-mallocr.o)
                0x200009d8                __malloc_current_mallinfo
 .bss.__malloc_max_sbrked_mem
                0x20000a00        0x4 c:/ac6/systemworkbench/plugins/fr.ac6.mcu.externaltools.arm-none.win32_1.16.0.201807130628/tools/compiler/bin/../lib/gcc/arm-none-eabi/7.2.1/../../../../arm-none-eabi/lib/thumb/v7e-m/fpv4-sp/hard\libc.a(lib_a-mallocr.o)
                0x20000a00                __malloc_max_sbrked_mem
 .bss.__malloc_max_total_mem
                0x20000a04        0x4 c:/ac6/systemworkbench/plugins/fr.ac6.mcu.externaltools.arm-none.win32_1.16.0.201807130628/tools/compiler/bin/../lib/gcc/arm-none-eabi/7.2.1/../../../../arm-none-eabi/lib/thumb/v7e-m/fpv4-sp/hard\libc.a(lib_a-mallocr.o)
                0x20000a04                __malloc_max_total_mem
 .bss.__malloc_top_pad
                0x20000a08        0x4 c:/ac6/systemworkbench/plugins/fr.ac6.mcu.externaltools.arm-none.win32_1.16.0.201807130628/tools/compiler/bin/../lib/gcc/arm-none-eabi/7.2.1/../../../../arm-none-eabi/lib/thumb/v7e-m/fpv4-sp/hard\libc.a(lib_a-mallocr.o)
                0x20000a08                __malloc_top_pad
 *(COMMON)
 COMMON         0x20000a0c        0x4 inc/tm_stm32f4_delay.o
                0x20000a0c                mult
 COMMON         0x20000a10       0x14 src/FCB_SonarSensor.o
                0x20000a10                sonarSensor
 COMMON         0x20000a24       0x38 src/FCB_TempSensor.o
                0x20000a24                waterTankTempSensor
                0x20000a38                waterTankROM
                0x20000a40                peltierTempSensor
                0x20000a54                peltierROM
 COMMON         0x20000a5c       0x21 c:/ac6/systemworkbench/plugins/fr.ac6.mcu.externaltools.arm-none.win32_1.16.0.201807130628/tools/compiler/bin/../lib/gcc/arm-none-eabi/7.2.1/../../../../arm-none-eabi/lib/thumb/v7e-m/fpv4-sp/hard\libc.a(lib_a-lock.o)
                0x20000a5c                __lock___atexit_recursive_mutex
                0x20000a60                __lock___arc4random_mutex
                0x20000a64                __lock___env_recursive_mutex
                0x20000a68                __lock___sinit_recursive_mutex
                0x20000a6c                __lock___malloc_recursive_mutex
                0x20000a70                __lock___at_quick_exit_mutex
                0x20000a74                __lock___dd_hash_mutex
                0x20000a78                __lock___tz_mutex
                0x20000a7c                __lock___sfp_recursive_mutex
 *fill*         0x20000a7d        0x3 
 COMMON         0x20000a80        0x4 c:/ac6/systemworkbench/plugins/fr.ac6.mcu.externaltools.arm-none.win32_1.16.0.201807130628/tools/compiler/bin/../lib/gcc/arm-none-eabi/7.2.1/../../../../arm-none-eabi/lib/thumb/v7e-m/fpv4-sp/hard\libc.a(lib_a-reent.o)
                0x20000a80                errno
                0x20000a84                . = ALIGN (0x4)
                0x20000a84                _ebss = .
                0x20000a84                __bss_end__ = _ebss

._user_heap_stack
                0x20000a84      0x404 load address 0x08004560
                0x20000a88                . = ALIGN (0x8)
 *fill*         0x20000a84        0x4 
                0x20000a88                PROVIDE (end, .)
                [!provide]                PROVIDE (_end, .)
                0x20000a88                . = (. + _Min_Heap_Size)
                0x20000e88                . = (. + _Min_Stack_Size)
 *fill*         0x20000a88      0x400 
                0x20000e88                . = ALIGN (0x8)

/DISCARD/
 libc.a(*)
 libm.a(*)
 libgcc.a(*)

.ARM.attributes
                0x00000000       0x30
 *(.ARM.attributes)
 .ARM.attributes
                0x00000000       0x22 c:/ac6/systemworkbench/plugins/fr.ac6.mcu.externaltools.arm-none.win32_1.16.0.201807130628/tools/compiler/bin/../lib/gcc/arm-none-eabi/7.2.1/thumb/v7e-m/fpv4-sp/hard/crti.o
 .ARM.attributes
                0x00000022       0x34 c:/ac6/systemworkbench/plugins/fr.ac6.mcu.externaltools.arm-none.win32_1.16.0.201807130628/tools/compiler/bin/../lib/gcc/arm-none-eabi/7.2.1/thumb/v7e-m/fpv4-sp/hard/crtbegin.o
 .ARM.attributes
                0x00000056       0x39 StdPeriph_Driver/src/stm32f4xx_adc.o
 .ARM.attributes
                0x0000008f       0x39 StdPeriph_Driver/src/stm32f4xx_gpio.o
 .ARM.attributes
                0x000000c8       0x39 StdPeriph_Driver/src/stm32f4xx_rcc.o
 .ARM.attributes
                0x00000101       0x39 StdPeriph_Driver/src/stm32f4xx_tim.o
 .ARM.attributes
                0x0000013a       0x39 inc/tm_stm32f4_adc.o
 .ARM.attributes
                0x00000173       0x39 inc/tm_stm32f4_delay.o
 .ARM.attributes
                0x000001ac       0x39 inc/tm_stm32f4_ds18b20.o
 .ARM.attributes
                0x000001e5       0x39 inc/tm_stm32f4_gpio.o
 .ARM.attributes
                0x0000021e       0x39 inc/tm_stm32f4_hcsr04.o
 .ARM.attributes
                0x00000257       0x39 inc/tm_stm32f4_onewire.o
 .ARM.attributes
                0x00000290       0x39 src/FCB_GPIO_Init.o
 .ARM.attributes
                0x000002c9       0x39 src/FCB_GPIO_Pins.o
 .ARM.attributes
                0x00000302       0x39 src/FCB_PWM.o
 .ARM.attributes
                0x0000033b       0x39 src/FCB_PressureSensor.o
 .ARM.attributes
                0x00000374       0x39 src/FCB_SonarSensor.o
 .ARM.attributes
                0x000003ad       0x39 src/FCB_TempSensor.o
 .ARM.attributes
                0x000003e6       0x39 src/main.o
 .ARM.attributes
                0x0000041f       0x39 src/syscalls.o
 .ARM.attributes
                0x00000458       0x39 src/system_stm32f4xx.o
 .ARM.attributes
                0x00000491       0x21 startup/startup_stm32.o
 .ARM.attributes
                0x000004b2       0x22 c:/ac6/systemworkbench/plugins/fr.ac6.mcu.externaltools.arm-none.win32_1.16.0.201807130628/tools/compiler/bin/../lib/gcc/arm-none-eabi/7.2.1/thumb/v7e-m/fpv4-sp/hard\libgcc.a(_arm_addsubdf3.o)
 .ARM.attributes
                0x000004d4       0x22 c:/ac6/systemworkbench/plugins/fr.ac6.mcu.externaltools.arm-none.win32_1.16.0.201807130628/tools/compiler/bin/../lib/gcc/arm-none-eabi/7.2.1/thumb/v7e-m/fpv4-sp/hard\libgcc.a(_arm_truncdfsf2.o)
 .ARM.attributes
                0x000004f6       0x34 c:/ac6/systemworkbench/plugins/fr.ac6.mcu.externaltools.arm-none.win32_1.16.0.201807130628/tools/compiler/bin/../lib/gcc/arm-none-eabi/7.2.1/../../../../arm-none-eabi/lib/thumb/v7e-m/fpv4-sp/hard\libc.a(lib_a-errno.o)
 .ARM.attributes
                0x0000052a       0x34 c:/ac6/systemworkbench/plugins/fr.ac6.mcu.externaltools.arm-none.win32_1.16.0.201807130628/tools/compiler/bin/../lib/gcc/arm-none-eabi/7.2.1/../../../../arm-none-eabi/lib/thumb/v7e-m/fpv4-sp/hard\libc.a(lib_a-impure.o)
 .ARM.attributes
                0x0000055e       0x34 c:/ac6/systemworkbench/plugins/fr.ac6.mcu.externaltools.arm-none.win32_1.16.0.201807130628/tools/compiler/bin/../lib/gcc/arm-none-eabi/7.2.1/../../../../arm-none-eabi/lib/thumb/v7e-m/fpv4-sp/hard\libc.a(lib_a-init.o)
 .ARM.attributes
                0x00000592       0x34 c:/ac6/systemworkbench/plugins/fr.ac6.mcu.externaltools.arm-none.win32_1.16.0.201807130628/tools/compiler/bin/../lib/gcc/arm-none-eabi/7.2.1/../../../../arm-none-eabi/lib/thumb/v7e-m/fpv4-sp/hard\libc.a(lib_a-malloc.o)
 .ARM.attributes
                0x000005c6       0x34 c:/ac6/systemworkbench/plugins/fr.ac6.mcu.externaltools.arm-none.win32_1.16.0.201807130628/tools/compiler/bin/../lib/gcc/arm-none-eabi/7.2.1/../../../../arm-none-eabi/lib/thumb/v7e-m/fpv4-sp/hard\libc.a(lib_a-mallocr.o)
 .ARM.attributes
                0x000005fa       0x34 c:/ac6/systemworkbench/plugins/fr.ac6.mcu.externaltools.arm-none.win32_1.16.0.201807130628/tools/compiler/bin/../lib/gcc/arm-none-eabi/7.2.1/../../../../arm-none-eabi/lib/thumb/v7e-m/fpv4-sp/hard\libc.a(lib_a-mlock.o)
 .ARM.attributes
                0x0000062e       0x34 c:/ac6/systemworkbench/plugins/fr.ac6.mcu.externaltools.arm-none.win32_1.16.0.201807130628/tools/compiler/bin/../lib/gcc/arm-none-eabi/7.2.1/../../../../arm-none-eabi/lib/thumb/v7e-m/fpv4-sp/hard\libc.a(lib_a-sbrkr.o)
 .ARM.attributes
                0x00000662       0x34 c:/ac6/systemworkbench/plugins/fr.ac6.mcu.externaltools.arm-none.win32_1.16.0.201807130628/tools/compiler/bin/../lib/gcc/arm-none-eabi/7.2.1/../../../../arm-none-eabi/lib/thumb/v7e-m/fpv4-sp/hard\libc.a(lib_a-__call_atexit.o)
 .ARM.attributes
                0x00000696       0x34 c:/ac6/systemworkbench/plugins/fr.ac6.mcu.externaltools.arm-none.win32_1.16.0.201807130628/tools/compiler/bin/../lib/gcc/arm-none-eabi/7.2.1/../../../../arm-none-eabi/lib/thumb/v7e-m/fpv4-sp/hard\libc.a(lib_a-atexit.o)
 .ARM.attributes
                0x000006ca       0x34 c:/ac6/systemworkbench/plugins/fr.ac6.mcu.externaltools.arm-none.win32_1.16.0.201807130628/tools/compiler/bin/../lib/gcc/arm-none-eabi/7.2.1/../../../../arm-none-eabi/lib/thumb/v7e-m/fpv4-sp/hard\libc.a(lib_a-fini.o)
 .ARM.attributes
                0x000006fe       0x34 c:/ac6/systemworkbench/plugins/fr.ac6.mcu.externaltools.arm-none.win32_1.16.0.201807130628/tools/compiler/bin/../lib/gcc/arm-none-eabi/7.2.1/../../../../arm-none-eabi/lib/thumb/v7e-m/fpv4-sp/hard\libc.a(lib_a-freer.o)
 .ARM.attributes
                0x00000732       0x34 c:/ac6/systemworkbench/plugins/fr.ac6.mcu.externaltools.arm-none.win32_1.16.0.201807130628/tools/compiler/bin/../lib/gcc/arm-none-eabi/7.2.1/../../../../arm-none-eabi/lib/thumb/v7e-m/fpv4-sp/hard\libc.a(lib_a-lock.o)
 .ARM.attributes
                0x00000766       0x34 c:/ac6/systemworkbench/plugins/fr.ac6.mcu.externaltools.arm-none.win32_1.16.0.201807130628/tools/compiler/bin/../lib/gcc/arm-none-eabi/7.2.1/../../../../arm-none-eabi/lib/thumb/v7e-m/fpv4-sp/hard\libc.a(lib_a-reent.o)
 .ARM.attributes
                0x0000079a       0x34 c:/ac6/systemworkbench/plugins/fr.ac6.mcu.externaltools.arm-none.win32_1.16.0.201807130628/tools/compiler/bin/../lib/gcc/arm-none-eabi/7.2.1/../../../../arm-none-eabi/lib/thumb/v7e-m/fpv4-sp/hard\libc.a(lib_a-__atexit.o)
 .ARM.attributes
                0x000007ce       0x22 c:/ac6/systemworkbench/plugins/fr.ac6.mcu.externaltools.arm-none.win32_1.16.0.201807130628/tools/compiler/bin/../lib/gcc/arm-none-eabi/7.2.1/thumb/v7e-m/fpv4-sp/hard/crtn.o
OUTPUT(Fast Cold Brew.elf elf32-littlearm)

.debug_info     0x00000000     0xffac
 .debug_info    0x00000000      0xc4e StdPeriph_Driver/src/stm32f4xx_adc.o
 .debug_info    0x00000c4e      0x62b StdPeriph_Driver/src/stm32f4xx_gpio.o
 .debug_info    0x00001279      0xd6d StdPeriph_Driver/src/stm32f4xx_rcc.o
 .debug_info    0x00001fe6     0x1c73 StdPeriph_Driver/src/stm32f4xx_tim.o
 .debug_info    0x00003c59      0xa53 inc/tm_stm32f4_adc.o
 .debug_info    0x000046ac     0x11b6 inc/tm_stm32f4_delay.o
 .debug_info    0x00005862      0xe49 inc/tm_stm32f4_ds18b20.o
 .debug_info    0x000066ab      0x87d inc/tm_stm32f4_gpio.o
 .debug_info    0x00006f28      0xbab inc/tm_stm32f4_hcsr04.o
 .debug_info    0x00007ad3     0x1004 inc/tm_stm32f4_onewire.o
 .debug_info    0x00008ad7      0xa57 src/FCB_GPIO_Init.o
 .debug_info    0x0000952e      0x968 src/FCB_GPIO_Pins.o
 .debug_info    0x00009e96      0xb57 src/FCB_PWM.o
 .debug_info    0x0000a9ed      0x836 src/FCB_PressureSensor.o
 .debug_info    0x0000b223     0x108b src/FCB_SonarSensor.o
 .debug_info    0x0000c2ae     0x1103 src/FCB_TempSensor.o
 .debug_info    0x0000d3b1     0x16ed src/main.o
 .debug_info    0x0000ea9e      0xf2e src/syscalls.o
 .debug_info    0x0000f9cc      0x5be src/system_stm32f4xx.o
 .debug_info    0x0000ff8a       0x22 startup/startup_stm32.o

.debug_abbrev   0x00000000     0x2776
 .debug_abbrev  0x00000000      0x1b0 StdPeriph_Driver/src/stm32f4xx_adc.o
 .debug_abbrev  0x000001b0      0x1bf StdPeriph_Driver/src/stm32f4xx_gpio.o
 .debug_abbrev  0x0000036f      0x1d4 StdPeriph_Driver/src/stm32f4xx_rcc.o
 .debug_abbrev  0x00000543      0x19f StdPeriph_Driver/src/stm32f4xx_tim.o
 .debug_abbrev  0x000006e2      0x1b9 inc/tm_stm32f4_adc.o
 .debug_abbrev  0x0000089b      0x37d inc/tm_stm32f4_delay.o
 .debug_abbrev  0x00000c18      0x2c2 inc/tm_stm32f4_ds18b20.o
 .debug_abbrev  0x00000eda      0x181 inc/tm_stm32f4_gpio.o
 .debug_abbrev  0x0000105b      0x212 inc/tm_stm32f4_hcsr04.o
 .debug_abbrev  0x0000126d      0x30c inc/tm_stm32f4_onewire.o
 .debug_abbrev  0x00001579      0x179 src/FCB_GPIO_Init.o
 .debug_abbrev  0x000016f2      0x172 src/FCB_GPIO_Pins.o
 .debug_abbrev  0x00001864      0x195 src/FCB_PWM.o
 .debug_abbrev  0x000019f9      0x159 src/FCB_PressureSensor.o
 .debug_abbrev  0x00001b52      0x2c3 src/FCB_SonarSensor.o
 .debug_abbrev  0x00001e15      0x225 src/FCB_TempSensor.o
 .debug_abbrev  0x0000203a      0x348 src/main.o
 .debug_abbrev  0x00002382      0x2aa src/syscalls.o
 .debug_abbrev  0x0000262c      0x138 src/system_stm32f4xx.o
 .debug_abbrev  0x00002764       0x12 startup/startup_stm32.o

.debug_aranges  0x00000000      0xcc0
 .debug_aranges
                0x00000000      0x148 StdPeriph_Driver/src/stm32f4xx_adc.o
 .debug_aranges
                0x00000148       0x88 StdPeriph_Driver/src/stm32f4xx_gpio.o
 .debug_aranges
                0x000001d0      0x198 StdPeriph_Driver/src/stm32f4xx_rcc.o
 .debug_aranges
                0x00000368      0x2f8 StdPeriph_Driver/src/stm32f4xx_tim.o
 .debug_aranges
                0x00000660       0xd0 inc/tm_stm32f4_adc.o
 .debug_aranges
                0x00000730       0x80 inc/tm_stm32f4_delay.o
 .debug_aranges
                0x000007b0       0x70 inc/tm_stm32f4_ds18b20.o
 .debug_aranges
                0x00000820       0x98 inc/tm_stm32f4_gpio.o
 .debug_aranges
                0x000008b8       0x30 inc/tm_stm32f4_hcsr04.o
 .debug_aranges
                0x000008e8       0xb0 inc/tm_stm32f4_onewire.o
 .debug_aranges
                0x00000998       0x38 src/FCB_GPIO_Init.o
 .debug_aranges
                0x000009d0       0x58 src/FCB_GPIO_Pins.o
 .debug_aranges
                0x00000a28       0x50 src/FCB_PWM.o
 .debug_aranges
                0x00000a78       0x38 src/FCB_PressureSensor.o
 .debug_aranges
                0x00000ab0       0x40 src/FCB_SonarSensor.o
 .debug_aranges
                0x00000af0       0x38 src/FCB_TempSensor.o
 .debug_aranges
                0x00000b28       0x90 src/main.o
 .debug_aranges
                0x00000bb8       0xb0 src/syscalls.o
 .debug_aranges
                0x00000c68       0x30 src/system_stm32f4xx.o
 .debug_aranges
                0x00000c98       0x28 startup/startup_stm32.o

.debug_ranges   0x00000000      0xb88
 .debug_ranges  0x00000000      0x138 StdPeriph_Driver/src/stm32f4xx_adc.o
 .debug_ranges  0x00000138       0x78 StdPeriph_Driver/src/stm32f4xx_gpio.o
 .debug_ranges  0x000001b0      0x188 StdPeriph_Driver/src/stm32f4xx_rcc.o
 .debug_ranges  0x00000338      0x2e8 StdPeriph_Driver/src/stm32f4xx_tim.o
 .debug_ranges  0x00000620       0xc0 inc/tm_stm32f4_adc.o
 .debug_ranges  0x000006e0       0x70 inc/tm_stm32f4_delay.o
 .debug_ranges  0x00000750       0x60 inc/tm_stm32f4_ds18b20.o
 .debug_ranges  0x000007b0       0x88 inc/tm_stm32f4_gpio.o
 .debug_ranges  0x00000838       0x20 inc/tm_stm32f4_hcsr04.o
 .debug_ranges  0x00000858       0xa0 inc/tm_stm32f4_onewire.o
 .debug_ranges  0x000008f8       0x28 src/FCB_GPIO_Init.o
 .debug_ranges  0x00000920       0x48 src/FCB_GPIO_Pins.o
 .debug_ranges  0x00000968       0x40 src/FCB_PWM.o
 .debug_ranges  0x000009a8       0x28 src/FCB_PressureSensor.o
 .debug_ranges  0x000009d0       0x30 src/FCB_SonarSensor.o
 .debug_ranges  0x00000a00       0x28 src/FCB_TempSensor.o
 .debug_ranges  0x00000a28       0x80 src/main.o
 .debug_ranges  0x00000aa8       0xa0 src/syscalls.o
 .debug_ranges  0x00000b48       0x20 src/system_stm32f4xx.o
 .debug_ranges  0x00000b68       0x20 startup/startup_stm32.o

.debug_macro    0x00000000     0x4c02
 .debug_macro   0x00000000      0x213 StdPeriph_Driver/src/stm32f4xx_adc.o
 .debug_macro   0x00000213       0x82 StdPeriph_Driver/src/stm32f4xx_adc.o
 .debug_macro   0x00000295      0x18f StdPeriph_Driver/src/stm32f4xx_gpio.o
 .debug_macro   0x00000424      0x2ee StdPeriph_Driver/src/stm32f4xx_gpio.o
 .debug_macro   0x00000712      0x25e StdPeriph_Driver/src/stm32f4xx_rcc.o
 .debug_macro   0x00000970      0x1b9 StdPeriph_Driver/src/stm32f4xx_tim.o
 .debug_macro   0x00000b29      0x735 StdPeriph_Driver/src/stm32f4xx_tim.o
 .debug_macro   0x0000125e      0x1af inc/tm_stm32f4_adc.o
 .debug_macro   0x0000140d       0xaf inc/tm_stm32f4_adc.o
 .debug_macro   0x000014bc       0x24 inc/tm_stm32f4_adc.o
 .debug_macro   0x000014e0      0x270 inc/tm_stm32f4_delay.o
 .debug_macro   0x00001750       0x16 inc/tm_stm32f4_delay.o
 .debug_macro   0x00001766       0x17 inc/tm_stm32f4_delay.o
 .debug_macro   0x0000177d       0x58 inc/tm_stm32f4_delay.o
 .debug_macro   0x000017d5       0x35 inc/tm_stm32f4_delay.o
 .debug_macro   0x0000180a       0x9c inc/tm_stm32f4_delay.o
 .debug_macro   0x000018a6       0x16 inc/tm_stm32f4_delay.o
 .debug_macro   0x000018bc      0x10e inc/tm_stm32f4_delay.o
 .debug_macro   0x000019ca       0x8d inc/tm_stm32f4_delay.o
 .debug_macro   0x00001a57       0x58 inc/tm_stm32f4_delay.o
 .debug_macro   0x00001aaf       0x1f inc/tm_stm32f4_delay.o
 .debug_macro   0x00001ace       0x43 inc/tm_stm32f4_delay.o
 .debug_macro   0x00001b11       0x20 inc/tm_stm32f4_delay.o
 .debug_macro   0x00001b31      0x18e inc/tm_stm32f4_delay.o
 .debug_macro   0x00001cbf      0x330 inc/tm_stm32f4_delay.o
 .debug_macro   0x00001fef       0x16 inc/tm_stm32f4_delay.o
 .debug_macro   0x00002005       0x29 inc/tm_stm32f4_delay.o
 .debug_macro   0x0000202e       0x35 inc/tm_stm32f4_delay.o
 .debug_macro   0x00002063      0x298 inc/tm_stm32f4_ds18b20.o
 .debug_macro   0x000022fb       0x58 inc/tm_stm32f4_ds18b20.o
 .debug_macro   0x00002353       0x4a inc/tm_stm32f4_ds18b20.o
 .debug_macro   0x0000239d      0x19e inc/tm_stm32f4_gpio.o
 .debug_macro   0x0000253b       0xa9 inc/tm_stm32f4_gpio.o
 .debug_macro   0x000025e4      0x290 inc/tm_stm32f4_hcsr04.o
 .debug_macro   0x00002874       0x10 inc/tm_stm32f4_hcsr04.o
 .debug_macro   0x00002884      0x289 inc/tm_stm32f4_onewire.o
 .debug_macro   0x00002b0d      0x1d4 src/FCB_GPIO_Init.o
 .debug_macro   0x00002ce1       0x2a src/FCB_GPIO_Init.o
 .debug_macro   0x00002d0b      0x1ca src/FCB_GPIO_Pins.o
 .debug_macro   0x00002ed5      0x1da src/FCB_PWM.o
 .debug_macro   0x000030af      0x1d4 src/FCB_PressureSensor.o
 .debug_macro   0x00003283      0x2c7 src/FCB_SonarSensor.o
 .debug_macro   0x0000354a      0x2ea src/FCB_TempSensor.o
 .debug_macro   0x00003834      0x309 src/main.o
 .debug_macro   0x00003b3d      0x243 src/syscalls.o
 .debug_macro   0x00003d80       0x52 src/syscalls.o
 .debug_macro   0x00003dd2       0x8d src/syscalls.o
 .debug_macro   0x00003e5f       0x57 src/syscalls.o
 .debug_macro   0x00003eb6      0x174 src/syscalls.o
 .debug_macro   0x0000402a       0x10 src/syscalls.o
 .debug_macro   0x0000403a       0x35 src/syscalls.o
 .debug_macro   0x0000406f       0x10 src/syscalls.o
 .debug_macro   0x0000407f       0x10 src/syscalls.o
 .debug_macro   0x0000408f       0x10 src/syscalls.o
 .debug_macro   0x0000409f       0x1c src/syscalls.o
 .debug_macro   0x000040bb       0x52 src/syscalls.o
 .debug_macro   0x0000410d       0x40 src/syscalls.o
 .debug_macro   0x0000414d       0x10 src/syscalls.o
 .debug_macro   0x0000415d       0x40 src/syscalls.o
 .debug_macro   0x0000419d       0xd7 src/syscalls.o
 .debug_macro   0x00004274       0x1c src/syscalls.o
 .debug_macro   0x00004290       0x3d src/syscalls.o
 .debug_macro   0x000042cd       0x35 src/syscalls.o
 .debug_macro   0x00004302      0x122 src/syscalls.o
 .debug_macro   0x00004424       0x10 src/syscalls.o
 .debug_macro   0x00004434      0x241 src/syscalls.o
 .debug_macro   0x00004675       0x1c src/syscalls.o
 .debug_macro   0x00004691       0x10 src/syscalls.o
 .debug_macro   0x000046a1       0x10 src/syscalls.o
 .debug_macro   0x000046b1       0x16 src/syscalls.o
 .debug_macro   0x000046c7      0x16f src/syscalls.o
 .debug_macro   0x00004836      0x189 src/syscalls.o
 .debug_macro   0x000049bf       0x16 src/syscalls.o
 .debug_macro   0x000049d5       0x88 src/syscalls.o
 .debug_macro   0x00004a5d      0x1a5 src/system_stm32f4xx.o

.debug_line     0x00000000     0x993c
 .debug_line    0x00000000      0x922 StdPeriph_Driver/src/stm32f4xx_adc.o
 .debug_line    0x00000922      0x734 StdPeriph_Driver/src/stm32f4xx_gpio.o
 .debug_line    0x00001056      0x9be StdPeriph_Driver/src/stm32f4xx_rcc.o
 .debug_line    0x00001a14      0xe86 StdPeriph_Driver/src/stm32f4xx_tim.o
 .debug_line    0x0000289a      0x801 inc/tm_stm32f4_adc.o
 .debug_line    0x0000309b      0x7fb inc/tm_stm32f4_delay.o
 .debug_line    0x00003896      0x81e inc/tm_stm32f4_ds18b20.o
 .debug_line    0x000040b4      0x786 inc/tm_stm32f4_gpio.o
 .debug_line    0x0000483a      0x6f3 inc/tm_stm32f4_hcsr04.o
 .debug_line    0x00004f2d      0x92f inc/tm_stm32f4_onewire.o
 .debug_line    0x0000585c      0x6e6 src/FCB_GPIO_Init.o
 .debug_line    0x00005f42      0x789 src/FCB_GPIO_Pins.o
 .debug_line    0x000066cb      0x6f3 src/FCB_PWM.o
 .debug_line    0x00006dbe      0x680 src/FCB_PressureSensor.o
 .debug_line    0x0000743e      0x790 src/FCB_SonarSensor.o
 .debug_line    0x00007bce      0x7c5 src/FCB_TempSensor.o
 .debug_line    0x00008393      0x949 src/main.o
 .debug_line    0x00008cdc      0x5df src/syscalls.o
 .debug_line    0x000092bb      0x605 src/system_stm32f4xx.o
 .debug_line    0x000098c0       0x7c startup/startup_stm32.o

.debug_str      0x00000000    0x5cf1d
 .debug_str     0x00000000    0x536fe StdPeriph_Driver/src/stm32f4xx_adc.o
                              0x538da (size before relaxing)
 .debug_str     0x000536fe      0x213 StdPeriph_Driver/src/stm32f4xx_gpio.o
                              0x53293 (size before relaxing)
 .debug_str     0x00053911      0xce9 StdPeriph_Driver/src/stm32f4xx_rcc.o
                              0x53cf2 (size before relaxing)
 .debug_str     0x000545fa      0xc23 StdPeriph_Driver/src/stm32f4xx_tim.o
                              0x53c8a (size before relaxing)
 .debug_str     0x0005521d      0x9d4 inc/tm_stm32f4_adc.o
                              0x53c4f (size before relaxing)
 .debug_str     0x00055bf1     0x3732 inc/tm_stm32f4_delay.o
                              0x56813 (size before relaxing)
 .debug_str     0x00059323      0x5f4 inc/tm_stm32f4_ds18b20.o
                              0x56c56 (size before relaxing)
 .debug_str     0x00059917      0x1b9 inc/tm_stm32f4_gpio.o
                              0x53860 (size before relaxing)
 .debug_str     0x00059ad0       0xd4 inc/tm_stm32f4_hcsr04.o
                              0x56825 (size before relaxing)
 .debug_str     0x00059ba4      0x251 inc/tm_stm32f4_onewire.o
                              0x56c70 (size before relaxing)
 .debug_str     0x00059df5      0x4a7 src/FCB_GPIO_Init.o
                              0x53ce0 (size before relaxing)
 .debug_str     0x0005a29c       0xa7 src/FCB_GPIO_Pins.o
                              0x53b7f (size before relaxing)
 .debug_str     0x0005a343      0x13f src/FCB_PWM.o
                              0x53da0 (size before relaxing)
 .debug_str     0x0005a482      0x145 src/FCB_PressureSensor.o
                              0x53b95 (size before relaxing)
 .debug_str     0x0005a5c7      0x128 src/FCB_SonarSensor.o
                              0x56dd4 (size before relaxing)
 .debug_str     0x0005a6ef      0x1d7 src/FCB_TempSensor.o
                              0x5724a (size before relaxing)
 .debug_str     0x0005a8c6      0x201 src/main.o
                              0x576f8 (size before relaxing)
 .debug_str     0x0005aac7     0x237e src/syscalls.o
                               0x86f9 (size before relaxing)
 .debug_str     0x0005ce45       0xae src/system_stm32f4xx.o
                              0x531b3 (size before relaxing)
 .debug_str     0x0005cef3       0x2a startup/startup_stm32.o
                                 0x67 (size before relaxing)

.comment        0x00000000       0x7e
 .comment       0x00000000       0x7e StdPeriph_Driver/src/stm32f4xx_adc.o
                                 0x7f (size before relaxing)
 .comment       0x0000007e       0x7f StdPeriph_Driver/src/stm32f4xx_gpio.o
 .comment       0x0000007e       0x7f StdPeriph_Driver/src/stm32f4xx_rcc.o
 .comment       0x0000007e       0x7f StdPeriph_Driver/src/stm32f4xx_tim.o
 .comment       0x0000007e       0x7f inc/tm_stm32f4_adc.o
 .comment       0x0000007e       0x7f inc/tm_stm32f4_delay.o
 .comment       0x0000007e       0x7f inc/tm_stm32f4_ds18b20.o
 .comment       0x0000007e       0x7f inc/tm_stm32f4_gpio.o
 .comment       0x0000007e       0x7f inc/tm_stm32f4_hcsr04.o
 .comment       0x0000007e       0x7f inc/tm_stm32f4_onewire.o
 .comment       0x0000007e       0x7f src/FCB_GPIO_Init.o
 .comment       0x0000007e       0x7f src/FCB_GPIO_Pins.o
 .comment       0x0000007e       0x7f src/FCB_PWM.o
 .comment       0x0000007e       0x7f src/FCB_PressureSensor.o
 .comment       0x0000007e       0x7f src/FCB_SonarSensor.o
 .comment       0x0000007e       0x7f src/FCB_TempSensor.o
 .comment       0x0000007e       0x7f src/main.o
 .comment       0x0000007e       0x7f src/syscalls.o
 .comment       0x0000007e       0x7f src/system_stm32f4xx.o

.debug_frame    0x00000000     0x3934
 .debug_frame   0x00000000      0x5ec StdPeriph_Driver/src/stm32f4xx_adc.o
 .debug_frame   0x000005ec      0x23c StdPeriph_Driver/src/stm32f4xx_gpio.o
 .debug_frame   0x00000828      0x774 StdPeriph_Driver/src/stm32f4xx_rcc.o
 .debug_frame   0x00000f9c      0xe54 StdPeriph_Driver/src/stm32f4xx_tim.o
 .debug_frame   0x00001df0      0x344 inc/tm_stm32f4_adc.o
 .debug_frame   0x00002134      0x1ec inc/tm_stm32f4_delay.o
 .debug_frame   0x00002320      0x1a4 inc/tm_stm32f4_ds18b20.o
 .debug_frame   0x000024c4      0x274 inc/tm_stm32f4_gpio.o
 .debug_frame   0x00002738       0x80 inc/tm_stm32f4_hcsr04.o
 .debug_frame   0x000027b8      0x2d8 inc/tm_stm32f4_onewire.o
 .debug_frame   0x00002a90       0xa4 src/FCB_GPIO_Init.o
 .debug_frame   0x00002b34      0x14c src/FCB_GPIO_Pins.o
 .debug_frame   0x00002c80      0x10c src/FCB_PWM.o
 .debug_frame   0x00002d8c       0x94 src/FCB_PressureSensor.o
 .debug_frame   0x00002e20       0xbc src/FCB_SonarSensor.o
 .debug_frame   0x00002edc       0x98 src/FCB_TempSensor.o
 .debug_frame   0x00002f74      0x204 src/main.o
 .debug_frame   0x00003178      0x2d0 src/syscalls.o
 .debug_frame   0x00003448       0x74 src/system_stm32f4xx.o
 .debug_frame   0x000034bc       0xac c:/ac6/systemworkbench/plugins/fr.ac6.mcu.externaltools.arm-none.win32_1.16.0.201807130628/tools/compiler/bin/../lib/gcc/arm-none-eabi/7.2.1/thumb/v7e-m/fpv4-sp/hard\libgcc.a(_arm_addsubdf3.o)
 .debug_frame   0x00003568       0x24 c:/ac6/systemworkbench/plugins/fr.ac6.mcu.externaltools.arm-none.win32_1.16.0.201807130628/tools/compiler/bin/../lib/gcc/arm-none-eabi/7.2.1/thumb/v7e-m/fpv4-sp/hard\libgcc.a(_arm_truncdfsf2.o)
 .debug_frame   0x0000358c       0x20 c:/ac6/systemworkbench/plugins/fr.ac6.mcu.externaltools.arm-none.win32_1.16.0.201807130628/tools/compiler/bin/../lib/gcc/arm-none-eabi/7.2.1/../../../../arm-none-eabi/lib/thumb/v7e-m/fpv4-sp/hard\libc.a(lib_a-errno.o)
 .debug_frame   0x000035ac       0x2c c:/ac6/systemworkbench/plugins/fr.ac6.mcu.externaltools.arm-none.win32_1.16.0.201807130628/tools/compiler/bin/../lib/gcc/arm-none-eabi/7.2.1/../../../../arm-none-eabi/lib/thumb/v7e-m/fpv4-sp/hard\libc.a(lib_a-init.o)
 .debug_frame   0x000035d8       0x30 c:/ac6/systemworkbench/plugins/fr.ac6.mcu.externaltools.arm-none.win32_1.16.0.201807130628/tools/compiler/bin/../lib/gcc/arm-none-eabi/7.2.1/../../../../arm-none-eabi/lib/thumb/v7e-m/fpv4-sp/hard\libc.a(lib_a-malloc.o)
 .debug_frame   0x00003608       0x54 c:/ac6/systemworkbench/plugins/fr.ac6.mcu.externaltools.arm-none.win32_1.16.0.201807130628/tools/compiler/bin/../lib/gcc/arm-none-eabi/7.2.1/../../../../arm-none-eabi/lib/thumb/v7e-m/fpv4-sp/hard\libc.a(lib_a-mallocr.o)
 .debug_frame   0x0000365c       0x30 c:/ac6/systemworkbench/plugins/fr.ac6.mcu.externaltools.arm-none.win32_1.16.0.201807130628/tools/compiler/bin/../lib/gcc/arm-none-eabi/7.2.1/../../../../arm-none-eabi/lib/thumb/v7e-m/fpv4-sp/hard\libc.a(lib_a-mlock.o)
 .debug_frame   0x0000368c       0x2c c:/ac6/systemworkbench/plugins/fr.ac6.mcu.externaltools.arm-none.win32_1.16.0.201807130628/tools/compiler/bin/../lib/gcc/arm-none-eabi/7.2.1/../../../../arm-none-eabi/lib/thumb/v7e-m/fpv4-sp/hard\libc.a(lib_a-sbrkr.o)
 .debug_frame   0x000036b8       0x5c c:/ac6/systemworkbench/plugins/fr.ac6.mcu.externaltools.arm-none.win32_1.16.0.201807130628/tools/compiler/bin/../lib/gcc/arm-none-eabi/7.2.1/../../../../arm-none-eabi/lib/thumb/v7e-m/fpv4-sp/hard\libc.a(lib_a-__call_atexit.o)
 .debug_frame   0x00003714       0x20 c:/ac6/systemworkbench/plugins/fr.ac6.mcu.externaltools.arm-none.win32_1.16.0.201807130628/tools/compiler/bin/../lib/gcc/arm-none-eabi/7.2.1/../../../../arm-none-eabi/lib/thumb/v7e-m/fpv4-sp/hard\libc.a(lib_a-atexit.o)
 .debug_frame   0x00003734       0x34 c:/ac6/systemworkbench/plugins/fr.ac6.mcu.externaltools.arm-none.win32_1.16.0.201807130628/tools/compiler/bin/../lib/gcc/arm-none-eabi/7.2.1/../../../../arm-none-eabi/lib/thumb/v7e-m/fpv4-sp/hard\libc.a(lib_a-fini.o)
 .debug_frame   0x00003768       0x80 c:/ac6/systemworkbench/plugins/fr.ac6.mcu.externaltools.arm-none.win32_1.16.0.201807130628/tools/compiler/bin/../lib/gcc/arm-none-eabi/7.2.1/../../../../arm-none-eabi/lib/thumb/v7e-m/fpv4-sp/hard\libc.a(lib_a-freer.o)
 .debug_frame   0x000037e8       0xb0 c:/ac6/systemworkbench/plugins/fr.ac6.mcu.externaltools.arm-none.win32_1.16.0.201807130628/tools/compiler/bin/../lib/gcc/arm-none-eabi/7.2.1/../../../../arm-none-eabi/lib/thumb/v7e-m/fpv4-sp/hard\libc.a(lib_a-lock.o)
 .debug_frame   0x00003898       0x68 c:/ac6/systemworkbench/plugins/fr.ac6.mcu.externaltools.arm-none.win32_1.16.0.201807130628/tools/compiler/bin/../lib/gcc/arm-none-eabi/7.2.1/../../../../arm-none-eabi/lib/thumb/v7e-m/fpv4-sp/hard\libc.a(lib_a-reent.o)
 .debug_frame   0x00003900       0x34 c:/ac6/systemworkbench/plugins/fr.ac6.mcu.externaltools.arm-none.win32_1.16.0.201807130628/tools/compiler/bin/../lib/gcc/arm-none-eabi/7.2.1/../../../../arm-none-eabi/lib/thumb/v7e-m/fpv4-sp/hard\libc.a(lib_a-__atexit.o)
